[APP_SUBMISSION] 2025/09/02 21:37:52.079212 === App Submission Logger Initialized ===
[APP_SUBMISSION] 2025/09/02 21:44:40.378305 === App Submission Logger Initialized ===
[APP_SUBMISSION] 2025/09/02 21:46:26.542242 === NEW APP SUBMISSION REQUEST [session_1756863986541727000] ===
[APP_SUBMISSION] 2025/09/02 21:46:26.542820 [session_1756863986541727000] Client IP: [::1]:55915
[APP_SUBMISSION] 2025/09/02 21:46:26.542850 [session_1756863986541727000] Request Method: POST
[APP_SUBMISSION] 2025/09/02 21:46:26.542866 [session_1756863986541727000] Request URL: /submit_app_src
[APP_SUBMISSION] 2025/09/02 21:46:26.542877 [session_1756863986541727000] User-Agent: Mozilla/5.0 (Macintosh; Intel Mac OS X 10_15_7) AppleWebKit/605.1.15 (KHTML, like Gecko) Version/18.6 Safari/605.1.15
[APP_SUBMISSION] 2025/09/02 21:46:26.542892 [session_1756863986541727000] Content-Type: application/json
[APP_SUBMISSION] 2025/09/02 21:46:26.542901 [session_1756863986541727000] STEP 1: Parsing request body
[APP_SUBMISSION] 2025/09/02 21:46:26.547981 [session_1756863986541727000] Parsed request: {
  "appId": "counter-app",
  "appSrcLength": 2391,
  "appSrcPreview": "use serde_json::json;\n\nstruct CounterApp {\n    count: i64,\n}\n\nimpl CounterApp {\n    fn new() -\u003e Self...",
  "runtime": "wasm",
  "tools": [
    {
      "name": "increment",
      "inputFormat": "{}"
    },
    {
      "name": "get_count",
      "inputFormat": "{\"user_id\": \"string\"}"
    },
    {
      "name": "ask_about_count",
      "inputFormat": "{\"question\": \"string\"}"
    }
  ],
  "version": "1.0.0"
}
[APP_SUBMISSION] 2025/09/02 21:46:26.548036 [session_1756863986541727000] STEP 2: Validating request fields
[APP_SUBMISSION] 2025/09/02 21:46:26.548053 [session_1756863986541727000] All validation passed
[APP_SUBMISSION] 2025/09/02 21:46:26.548059 [session_1756863986541727000] STEP 3: Checking for existing compiled WASM
[APP_SUBMISSION] 2025/09/02 21:46:26.548445 [session_1756863986541727000] Checking path: artifacts/counter-app/1.0.0.wasm
[APP_SUBMISSION] 2025/09/02 21:46:26.548534 [session_1756863986541727000] No existing WASM found - proceeding with compilation
[APP_SUBMISSION] 2025/09/02 21:46:26.548581 [session_1756863986541727000] STEP 4: Setting up build directory
[APP_SUBMISSION] 2025/09/02 21:46:26.548599 [session_1756863986541727000] Build directory: build/counter-app/1.0.0
[APP_SUBMISSION] 2025/09/02 21:46:26.548613 [session_1756863986541727000] Creating build directory: build/counter-app/1.0.0
[APP_SUBMISSION] 2025/09/02 21:46:26.548863 [session_1756863986541727000] Build directory created successfully
[APP_SUBMISSION] 2025/09/02 21:46:26.548871 [session_1756863986541727000] STEP 5: Compiling Rust trait to WASM
[APP_SUBMISSION] 2025/09/02 21:46:32.723901 [session_1756863986541727000] WASM compilation completed successfully in 6.175000833s
[APP_SUBMISSION] 2025/09/02 21:46:32.724025 [session_1756863986541727000] Compiled WASM path: artifacts/counter-app/1.0.0.wasm
[APP_SUBMISSION] 2025/09/02 21:46:32.724036 [session_1756863986541727000] STEP 6: Registering app in registry
[APP_SUBMISSION] 2025/09/02 21:46:32.724393 [session_1756863986541727000] App registered successfully. Registry now contains 1 apps
[APP_SUBMISSION] 2025/09/02 21:46:32.724404 [session_1756863986541727000] STEP 7: Sending success response
[APP_SUBMISSION] 2025/09/02 21:46:32.724424 [session_1756863986541727000] === APP SUBMISSION COMPLETED SUCCESSFULLY ===
[APP_SUBMISSION] 2025/09/02 21:46:45.910204 === NEW TOOL EXECUTION REQUEST [tool_session_1756864005910179000] ===
[APP_SUBMISSION] 2025/09/02 21:46:45.910399 [tool_session_1756864005910179000] Client IP: [::1]:55915
[APP_SUBMISSION] 2025/09/02 21:46:45.910440 [tool_session_1756864005910179000] Request Method: POST
[APP_SUBMISSION] 2025/09/02 21:46:45.910466 [tool_session_1756864005910179000] Request URL: /run_tool
[APP_SUBMISSION] 2025/09/02 21:46:45.910485 [tool_session_1756864005910179000] User-Agent: Mozilla/5.0 (Macintosh; Intel Mac OS X 10_15_7) AppleWebKit/605.1.15 (KHTML, like Gecko) Version/18.6 Safari/605.1.15
[APP_SUBMISSION] 2025/09/02 21:46:45.910502 [tool_session_1756864005910179000] Content-Type: application/json
[APP_SUBMISSION] 2025/09/02 21:46:45.910539 [tool_session_1756864005910179000] STEP 1: Parsing tool execution request
[APP_SUBMISSION] 2025/09/02 21:46:45.910654 [tool_session_1756864005910179000] Parsed request - AppID: counter-app, ToolName: increment, InputLength: 2
[APP_SUBMISSION] 2025/09/02 21:46:45.910674 [tool_session_1756864005910179000] STEP 2: Looking up app in registry
[APP_SUBMISSION] 2025/09/02 21:46:45.910689 [tool_session_1756864005910179000] App found - Version: 1.0.0, Runtime: wasm, ArtifactURI: artifacts/counter-app/1.0.0.wasm
[APP_SUBMISSION] 2025/09/02 21:46:45.910701 [tool_session_1756864005910179000] Tool 'increment' found with input format: {}
[APP_SUBMISSION] 2025/09/02 21:46:45.910713 [tool_session_1756864005910179000] STEP 3: Loading WASM module from: artifacts/counter-app/1.0.0.wasm
[APP_SUBMISSION] 2025/09/02 21:46:45.911245 [tool_session_1756864005910179000] WASM module loaded successfully (111609 bytes)
[APP_SUBMISSION] 2025/09/02 21:46:45.911272 [tool_session_1756864005910179000] STEP 4: Executing tool 'increment' (delegating to executeAppTool)
[APP_SUBMISSION] 2025/09/02 21:46:45.911284 [tool_session_1756864005910179000] STEP 5: Executing tool 'increment'
[APP_SUBMISSION] 2025/09/02 21:46:45.972041 [tool_session_1756864005910179000] Tool execution completed successfully
[APP_SUBMISSION] 2025/09/02 21:46:45.972050 [tool_session_1756864005910179000] STEP 6: Sending response
[APP_SUBMISSION] 2025/09/02 21:46:45.972059 [tool_session_1756864005910179000] === TOOL EXECUTION COMPLETED SUCCESSFULLY ===
[APP_SUBMISSION] 2025/09/02 22:05:52.198789 === App Submission Logger Initialized ===
[APP_SUBMISSION] 2025/09/02 22:24:59.303789 === App Submission Logger Initialized ===
[APP_SUBMISSION] 2025/09/02 22:28:17.041413 === NEW APP SUBMISSION REQUEST [session_1756866497040424000] ===
[APP_SUBMISSION] 2025/09/02 22:28:17.041994 [session_1756866497040424000] Client IP: [::1]:57148
[APP_SUBMISSION] 2025/09/02 22:28:17.042021 [session_1756866497040424000] Request Method: POST
[APP_SUBMISSION] 2025/09/02 22:28:17.042034 [session_1756866497040424000] Request URL: /submit_app_src
[APP_SUBMISSION] 2025/09/02 22:28:17.042043 [session_1756866497040424000] User-Agent: Mozilla/5.0 (Macintosh; Intel Mac OS X 10_15_7) AppleWebKit/605.1.15 (KHTML, like Gecko) Version/18.6 Safari/605.1.15
[APP_SUBMISSION] 2025/09/02 22:28:17.042065 [session_1756866497040424000] Content-Type: application/json
[APP_SUBMISSION] 2025/09/02 22:28:17.042073 [session_1756866497040424000] STEP 1: Parsing request body
[APP_SUBMISSION] 2025/09/02 22:28:17.047040 [session_1756866497040424000] Parsed request: {
  "appId": "my-text-analyzer",
  "appSrcLength": 7504,
  "appSrcPreview": "use serde_json::json;\nuse chrono::{DateTime, Utc, Duration};\nuse regex::Regex;\nuse uuid::Uuid;\n\nstru...",
  "runtime": "wasm",
  "tools": [
    {
      "name": "analyze_text",
      "inputFormat": "{\"text\": \"string\", \"user_id\": \"string}"
    },
    {
      "name": "get_history",
      "inputFormat": "{\"users_id\": \"string\", \"limit\": \"number\"}"
    },
    {
      "name": "generate_report",
      "inputFormat": "{\"days\": \"number\"}"
    }
  ],
  "version": "1.0.0"
}
[APP_SUBMISSION] 2025/09/02 22:28:17.047092 [session_1756866497040424000] STEP 2: Validating request fields
[APP_SUBMISSION] 2025/09/02 22:28:17.047103 [session_1756866497040424000] All validation passed
[APP_SUBMISSION] 2025/09/02 22:28:17.047110 [session_1756866497040424000] STEP 3: Checking for existing compiled WASM
[APP_SUBMISSION] 2025/09/02 22:28:17.047275 [session_1756866497040424000] Checking path: artifacts/my-text-analyzer/1.0.0.wasm
[APP_SUBMISSION] 2025/09/02 22:28:17.047313 [session_1756866497040424000] No existing WASM found - proceeding with compilation
[APP_SUBMISSION] 2025/09/02 22:28:17.047345 [session_1756866497040424000] STEP 4: Setting up build directory
[APP_SUBMISSION] 2025/09/02 22:28:17.047354 [session_1756866497040424000] Build directory: build/my-text-analyzer/1.0.0
[APP_SUBMISSION] 2025/09/02 22:28:17.047365 [session_1756866497040424000] Creating build directory: build/my-text-analyzer/1.0.0
[APP_SUBMISSION] 2025/09/02 22:28:17.047757 [session_1756866497040424000] Build directory created successfully
[APP_SUBMISSION] 2025/09/02 22:28:17.047777 [session_1756866497040424000] STEP 5: Compiling Rust trait to WASM
[APP_SUBMISSION] 2025/09/02 22:28:17.171373 [session_1756866497040424000] ERROR: Failed to compile trait to WASM: failed to build Rust to WASM: cargo build failed: exit status 101
Output: error: invalid type: floating point `0.4`, expected a version string like "0.9.8" or a detailed dependency like { version = "0.9.8" }
  --> Cargo.toml:10:10
   |
10 | chrono = 0.4
   |          ^^^
   |
[APP_SUBMISSION] 2025/09/02 22:28:17.171404 [session_1756866497040424000] Cleaning up build directory: build/my-text-analyzer/1.0.0
[APP_SUBMISSION] 2025/09/02 22:28:17.171690 [session_1756866497040424000] RESPONSE: HTTP 500 - WASM compilation failed
[APP_SUBMISSION] 2025/09/02 22:30:59.866516 === App Submission Logger Initialized ===
[APP_SUBMISSION] 2025/09/02 22:31:04.016791 === NEW APP SUBMISSION REQUEST [session_1756866664016777000] ===
[APP_SUBMISSION] 2025/09/02 22:31:04.016894 [session_1756866664016777000] Client IP: [::1]:57177
[APP_SUBMISSION] 2025/09/02 22:31:04.016927 [session_1756866664016777000] Request Method: POST
[APP_SUBMISSION] 2025/09/02 22:31:04.016955 [session_1756866664016777000] Request URL: /submit_app_src
[APP_SUBMISSION] 2025/09/02 22:31:04.016981 [session_1756866664016777000] User-Agent: Mozilla/5.0 (Macintosh; Intel Mac OS X 10_15_7) AppleWebKit/605.1.15 (KHTML, like Gecko) Version/18.6 Safari/605.1.15
[APP_SUBMISSION] 2025/09/02 22:31:04.017023 [session_1756866664016777000] Content-Type: application/json
[APP_SUBMISSION] 2025/09/02 22:31:04.017044 [session_1756866664016777000] STEP 1: Parsing request body
[APP_SUBMISSION] 2025/09/02 22:31:04.019140 [session_1756866664016777000] Parsed request: {
  "appId": "my-text-analyzer",
  "appSrcLength": 7504,
  "appSrcPreview": "use serde_json::json;\nuse chrono::{DateTime, Utc, Duration};\nuse regex::Regex;\nuse uuid::Uuid;\n\nstru...",
  "runtime": "wasm",
  "tools": [
    {
      "name": "analyze_text",
      "inputFormat": "{\"text\": \"string\", \"user_id\": \"string}"
    },
    {
      "name": "get_history",
      "inputFormat": "{\"users_id\": \"string\", \"limit\": \"number\"}"
    },
    {
      "name": "generate_report",
      "inputFormat": "{\"days\": \"number\"}"
    }
  ],
  "version": "1.0.0"
}
[APP_SUBMISSION] 2025/09/02 22:31:04.019243 [session_1756866664016777000] STEP 2: Validating request fields
[APP_SUBMISSION] 2025/09/02 22:31:04.019267 [session_1756866664016777000] All validation passed
[APP_SUBMISSION] 2025/09/02 22:31:04.019282 [session_1756866664016777000] STEP 3: Checking for existing compiled WASM
[APP_SUBMISSION] 2025/09/02 22:31:04.019298 [session_1756866664016777000] Checking path: artifacts/my-text-analyzer/1.0.0.wasm
[APP_SUBMISSION] 2025/09/02 22:31:04.019330 [session_1756866664016777000] No existing WASM found - proceeding with compilation
[APP_SUBMISSION] 2025/09/02 22:31:04.019345 [session_1756866664016777000] STEP 4: Setting up build directory
[APP_SUBMISSION] 2025/09/02 22:31:04.019357 [session_1756866664016777000] Build directory: build/my-text-analyzer/1.0.0
[APP_SUBMISSION] 2025/09/02 22:31:04.019376 [session_1756866664016777000] Creating build directory: build/my-text-analyzer/1.0.0
[APP_SUBMISSION] 2025/09/02 22:31:04.019598 [session_1756866664016777000] Build directory created successfully
[APP_SUBMISSION] 2025/09/02 22:31:04.019618 [session_1756866664016777000] STEP 5: Compiling Rust trait to WASM
[APP_SUBMISSION] 2025/09/02 22:31:04.145711 [session_1756866664016777000] ERROR: Failed to compile trait to WASM: failed to build Rust to WASM: cargo build failed: exit status 101
Output: error: invalid type: floating point `0.4`, expected a version string like "0.9.8" or a detailed dependency like { version = "0.9.8" }
  --> Cargo.toml:10:10
   |
10 | chrono = 0.4
   |          ^^^
   |
[APP_SUBMISSION] 2025/09/02 22:31:04.145779 [session_1756866664016777000] RESPONSE: HTTP 500 - WASM compilation failed
[APP_SUBMISSION] 2025/09/02 22:35:38.707619 === App Submission Logger Initialized ===
[APP_SUBMISSION] 2025/09/02 22:35:44.439304 === NEW APP SUBMISSION REQUEST [session_1756866944439299000] ===
[APP_SUBMISSION] 2025/09/02 22:35:44.439453 [session_1756866944439299000] Client IP: [::1]:57455
[APP_SUBMISSION] 2025/09/02 22:35:44.439480 [session_1756866944439299000] Request Method: POST
[APP_SUBMISSION] 2025/09/02 22:35:44.439497 [session_1756866944439299000] Request URL: /submit_app_src
[APP_SUBMISSION] 2025/09/02 22:35:44.439510 [session_1756866944439299000] User-Agent: Mozilla/5.0 (Macintosh; Intel Mac OS X 10_15_7) AppleWebKit/605.1.15 (KHTML, like Gecko) Version/18.6 Safari/605.1.15
[APP_SUBMISSION] 2025/09/02 22:35:44.439531 [session_1756866944439299000] Content-Type: application/json
[APP_SUBMISSION] 2025/09/02 22:35:44.439542 [session_1756866944439299000] STEP 1: Parsing request body
[APP_SUBMISSION] 2025/09/02 22:35:44.440026 [session_1756866944439299000] Parsed request: {
  "appId": "my-text-analyzer",
  "appSrcLength": 7504,
  "appSrcPreview": "use serde_json::json;\nuse chrono::{DateTime, Utc, Duration};\nuse regex::Regex;\nuse uuid::Uuid;\n\nstru...",
  "runtime": "wasm",
  "tools": [
    {
      "name": "analyze_text",
      "inputFormat": "{\"text\": \"string\", \"user_id\": \"string}"
    },
    {
      "name": "get_history",
      "inputFormat": "{\"users_id\": \"string\", \"limit\": \"number\"}"
    },
    {
      "name": "generate_report",
      "inputFormat": "{\"days\": \"number\"}"
    }
  ],
  "version": "1.0.0"
}
[APP_SUBMISSION] 2025/09/02 22:35:44.440055 [session_1756866944439299000] STEP 2: Validating request fields
[APP_SUBMISSION] 2025/09/02 22:35:44.440067 [session_1756866944439299000] All validation passed
[APP_SUBMISSION] 2025/09/02 22:35:44.440078 [session_1756866944439299000] STEP 3: Checking for existing compiled WASM
[APP_SUBMISSION] 2025/09/02 22:35:44.440091 [session_1756866944439299000] Checking path: artifacts/my-text-analyzer/1.0.0.wasm
[APP_SUBMISSION] 2025/09/02 22:35:44.440121 [session_1756866944439299000] No existing WASM found - proceeding with compilation
[APP_SUBMISSION] 2025/09/02 22:35:44.440133 [session_1756866944439299000] STEP 4: Setting up build directory
[APP_SUBMISSION] 2025/09/02 22:35:44.440145 [session_1756866944439299000] Build directory: build/my-text-analyzer/1.0.0
[APP_SUBMISSION] 2025/09/02 22:35:44.440173 [session_1756866944439299000] Existing build directory found, removing: build/my-text-analyzer/1.0.0
[APP_SUBMISSION] 2025/09/02 22:35:44.442221 [session_1756866944439299000] Successfully removed existing build directory
[APP_SUBMISSION] 2025/09/02 22:35:44.442312 [session_1756866944439299000] Creating build directory: build/my-text-analyzer/1.0.0
[APP_SUBMISSION] 2025/09/02 22:35:44.442737 [session_1756866944439299000] Build directory created successfully
[APP_SUBMISSION] 2025/09/02 22:35:44.442762 [session_1756866944439299000] STEP 5: Compiling Rust trait to WASM
[APP_SUBMISSION] 2025/09/02 22:35:48.884541 [session_1756866944439299000] ERROR: Failed to compile trait to WASM: failed to build Rust to WASM: cargo build failed: exit status 101
Output:     Updating crates.io index
     Locking 48 packages to latest compatible versions
 Downloading crates ...
  Downloaded uuid v1.18.1
  Downloaded aho-corasick v1.1.3
  Downloaded regex v1.11.2
  Downloaded regex-syntax v0.8.6
  Downloaded regex-automata v0.4.10
   Compiling proc-macro2 v1.0.101
   Compiling unicode-ident v1.0.18
   Compiling wasm-bindgen-shared v0.2.100
   Compiling bumpalo v3.19.0
   Compiling log v0.4.27
   Compiling rustversion v1.0.22
   Compiling autocfg v1.5.0
   Compiling wasm-bindgen v0.2.100
   Compiling memchr v2.7.5
   Compiling serde v1.0.219
   Compiling once_cell v1.21.3
   Compiling cfg-if v1.0.3
   Compiling num-traits v0.2.19
   Compiling regex-syntax v0.8.6
   Compiling aho-corasick v1.1.3
   Compiling serde_json v1.0.143
   Compiling itoa v1.0.15
   Compiling ryu v1.0.20
   Compiling regex-automata v0.4.10
   Compiling uuid v1.18.1
error: to use `uuid` on `wasm32-unknown-unknown`, specify a source of randomness using one of the `js`, `rng-getrandom`, or `rng-rand` features
   --> /Users/ericmaibach/.cargo/registry/src/index.crates.io-1949cf8c6b5b557f/uuid-1.18.1/src/rng.rs:104:5
    |
104 |     compile_error!("to use `uuid` on `wasm32-unknown-unknown`, specify a source of randomness using one of the `js`, `rng-getrandom`, or `rng-rand` features");
    |     ^^^^^^^^^^^^^^^^^^^^^^^^^^^^^^^^^^^^^^^^^^^^^^^^^^^^^^^^^^^^^^^^^^^^^^^^^^^^^^^^^^^^^^^^^^^^^^^^^^^^^^^^^^^^^^^^^^^^^^^^^^^^^^^^^^^^^^^^^^^^^^^^^^^^^^^^^^

error[E0433]: failed to resolve: could not find `RngImp` in `imp`
   --> /Users/ericmaibach/.cargo/registry/src/index.crates.io-1949cf8c6b5b557f/uuid-1.18.1/src/rng.rs:10:10
    |
10  |     imp::RngImp::u128()
    |          ^^^^^^ could not find `RngImp` in `imp`
    |
note: found an item that was configured out
   --> /Users/ericmaibach/.cargo/registry/src/index.crates.io-1949cf8c6b5b557f/uuid-1.18.1/src/rng.rs:108:23
    |
108 |     pub(super) struct RngImp;
    |                       ^^^^^^
note: the item is gated behind the `rng-rand` feature
   --> /Users/ericmaibach/.cargo/registry/src/index.crates.io-1949cf8c6b5b557f/uuid-1.18.1/src/rng.rs:107:11
    |
107 |     #[cfg(feature = "rng-rand")]
    |           ^^^^^^^^^^^^^^^^^^^^
note: found an item that was configured out
   --> /Users/ericmaibach/.cargo/registry/src/index.crates.io-1949cf8c6b5b557f/uuid-1.18.1/src/rng.rs:127:23
    |
127 |     pub(super) struct RngImp;
    |                       ^^^^^^
note: the item is gated here
   --> /Users/ericmaibach/.cargo/registry/src/index.crates.io-1949cf8c6b5b557f/uuid-1.18.1/src/rng.rs:126:5
    |
126 |     #[cfg(all(feature = "rng-getrandom", not(feature = "rng-rand")))]
    |     ^^^^^^^^^^^^^^^^^^^^^^^^^^^^^^^^^^^^^^^^^^^^^^^^^^^^^^^^^^^^^^^^^
note: found an item that was configured out
   --> /Users/ericmaibach/.cargo/registry/src/index.crates.io-1949cf8c6b5b557f/uuid-1.18.1/src/rng.rs:171:23
    |
171 |     pub(super) struct RngImp;
    |                       ^^^^^^
note: the item is gated here
   --> /Users/ericmaibach/.cargo/registry/src/index.crates.io-1949cf8c6b5b557f/uuid-1.18.1/src/rng.rs:166:5
    |
166 | /     #[cfg(all(
167 | |         feature = "js",
168 | |         not(feature = "rng-rand"),
169 | |         not(feature = "rng-getrandom")
170 | |     ))]
    | |_______^

error[E0433]: failed to resolve: could not find `RngImp` in `imp`
   --> /Users/ericmaibach/.cargo/registry/src/index.crates.io-1949cf8c6b5b557f/uuid-1.18.1/src/rng.rs:14:10
    |
14  |     imp::RngImp::u64()
    |          ^^^^^^ could not find `RngImp` in `imp`
    |
note: found an item that was configured out
   --> /Users/ericmaibach/.cargo/registry/src/index.crates.io-1949cf8c6b5b557f/uuid-1.18.1/src/rng.rs:108:23
    |
108 |     pub(super) struct RngImp;
    |                       ^^^^^^
note: the item is gated behind the `rng-rand` feature
   --> /Users/ericmaibach/.cargo/registry/src/index.crates.io-1949cf8c6b5b557f/uuid-1.18.1/src/rng.rs:107:11
    |
107 |     #[cfg(feature = "rng-rand")]
    |           ^^^^^^^^^^^^^^^^^^^^
note: found an item that was configured out
   --> /Users/ericmaibach/.cargo/registry/src/index.crates.io-1949cf8c6b5b557f/uuid-1.18.1/src/rng.rs:127:23
    |
127 |     pub(super) struct RngImp;
    |                       ^^^^^^
note: the item is gated here
   --> /Users/ericmaibach/.cargo/registry/src/index.crates.io-1949cf8c6b5b557f/uuid-1.18.1/src/rng.rs:126:5
    |
126 |     #[cfg(all(feature = "rng-getrandom", not(feature = "rng-rand")))]
    |     ^^^^^^^^^^^^^^^^^^^^^^^^^^^^^^^^^^^^^^^^^^^^^^^^^^^^^^^^^^^^^^^^^
note: found an item that was configured out
   --> /Users/ericmaibach/.cargo/registry/src/index.crates.io-1949cf8c6b5b557f/uuid-1.18.1/src/rng.rs:171:23
    |
171 |     pub(super) struct RngImp;
    |                       ^^^^^^
note: the item is gated here
   --> /Users/ericmaibach/.cargo/registry/src/index.crates.io-1949cf8c6b5b557f/uuid-1.18.1/src/rng.rs:166:5
    |
166 | /     #[cfg(all(
167 | |         feature = "js",
168 | |         not(feature = "rng-rand"),
169 | |         not(feature = "rng-getrandom")
170 | |     ))]
    | |_______^

error[E0433]: failed to resolve: could not find `RngImp` in `imp`
   --> /Users/ericmaibach/.cargo/registry/src/index.crates.io-1949cf8c6b5b557f/uuid-1.18.1/src/rng.rs:18:10
    |
18  |     imp::RngImp::u16()
    |          ^^^^^^ could not find `RngImp` in `imp`
    |
note: found an item that was configured out
   --> /Users/ericmaibach/.cargo/registry/src/index.crates.io-1949cf8c6b5b557f/uuid-1.18.1/src/rng.rs:108:23
    |
108 |     pub(super) struct RngImp;
    |                       ^^^^^^
note: the item is gated behind the `rng-rand` feature
   --> /Users/ericmaibach/.cargo/registry/src/index.crates.io-1949cf8c6b5b557f/uuid-1.18.1/src/rng.rs:107:11
    |
107 |     #[cfg(feature = "rng-rand")]
    |           ^^^^^^^^^^^^^^^^^^^^
note: found an item that was configured out
   --> /Users/ericmaibach/.cargo/registry/src/index.crates.io-1949cf8c6b5b557f/uuid-1.18.1/src/rng.rs:127:23
    |
127 |     pub(super) struct RngImp;
    |                       ^^^^^^
note: the item is gated here
   --> /Users/ericmaibach/.cargo/registry/src/index.crates.io-1949cf8c6b5b557f/uuid-1.18.1/src/rng.rs:126:5
    |
126 |     #[cfg(all(feature = "rng-getrandom", not(feature = "rng-rand")))]
    |     ^^^^^^^^^^^^^^^^^^^^^^^^^^^^^^^^^^^^^^^^^^^^^^^^^^^^^^^^^^^^^^^^^
note: found an item that was configured out
   --> /Users/ericmaibach/.cargo/registry/src/index.crates.io-1949cf8c6b5b557f/uuid-1.18.1/src/rng.rs:171:23
    |
171 |     pub(super) struct RngImp;
    |                       ^^^^^^
note: the item is gated here
   --> /Users/ericmaibach/.cargo/registry/src/index.crates.io-1949cf8c6b5b557f/uuid-1.18.1/src/rng.rs:166:5
    |
166 | /     #[cfg(all(
167 | |         feature = "js",
168 | |         not(feature = "rng-rand"),
169 | |         not(feature = "rng-getrandom")
170 | |     ))]
    | |_______^

For more information about this error, try `rustc --explain E0433`.
error: could not compile `uuid` (lib) due to 4 previous errors
warning: build failed, waiting for other jobs to finish...
[APP_SUBMISSION] 2025/09/02 22:35:48.886121 [session_1756866944439299000] RESPONSE: HTTP 500 - WASM compilation failed
[APP_SUBMISSION] 2025/09/02 22:39:43.704880 === App Submission Logger Initialized ===
[APP_SUBMISSION] 2025/09/02 22:39:47.198888 === NEW APP SUBMISSION REQUEST [session_1756867187198880000] ===
[APP_SUBMISSION] 2025/09/02 22:39:47.198958 [session_1756867187198880000] Client IP: [::1]:57605
[APP_SUBMISSION] 2025/09/02 22:39:47.198975 [session_1756867187198880000] Request Method: POST
[APP_SUBMISSION] 2025/09/02 22:39:47.198988 [session_1756867187198880000] Request URL: /submit_app_src
[APP_SUBMISSION] 2025/09/02 22:39:47.198999 [session_1756867187198880000] User-Agent: Mozilla/5.0 (Macintosh; Intel Mac OS X 10_15_7) AppleWebKit/605.1.15 (KHTML, like Gecko) Version/18.6 Safari/605.1.15
[APP_SUBMISSION] 2025/09/02 22:39:47.199017 [session_1756867187198880000] Content-Type: application/json
[APP_SUBMISSION] 2025/09/02 22:39:47.199028 [session_1756867187198880000] STEP 1: Parsing request body
[APP_SUBMISSION] 2025/09/02 22:39:47.199809 [session_1756867187198880000] Parsed request: {
  "appId": "my-text-analyzer",
  "appSrcLength": 7504,
  "appSrcPreview": "use serde_json::json;\nuse chrono::{DateTime, Utc, Duration};\nuse regex::Regex;\nuse uuid::Uuid;\n\nstru...",
  "runtime": "wasm",
  "tools": [
    {
      "name": "analyze_text",
      "inputFormat": "{\"text\": \"string\", \"user_id\": \"string}"
    },
    {
      "name": "get_history",
      "inputFormat": "{\"users_id\": \"string\", \"limit\": \"number\"}"
    },
    {
      "name": "generate_report",
      "inputFormat": "{\"days\": \"number\"}"
    }
  ],
  "version": "1.0.0"
}
[APP_SUBMISSION] 2025/09/02 22:39:47.199859 [session_1756867187198880000] STEP 2: Validating request fields
[APP_SUBMISSION] 2025/09/02 22:39:47.199882 [session_1756867187198880000] All validation passed
[APP_SUBMISSION] 2025/09/02 22:39:47.199946 [session_1756867187198880000] STEP 3: Checking for existing compiled WASM
[APP_SUBMISSION] 2025/09/02 22:39:47.199968 [session_1756867187198880000] Checking path: artifacts/my-text-analyzer/1.0.0.wasm
[APP_SUBMISSION] 2025/09/02 22:39:47.200002 [session_1756867187198880000] No existing WASM found - proceeding with compilation
[APP_SUBMISSION] 2025/09/02 22:39:47.200020 [session_1756867187198880000] STEP 4: Setting up build directory
[APP_SUBMISSION] 2025/09/02 22:39:47.200037 [session_1756867187198880000] Build directory: build/my-text-analyzer/1.0.0
[APP_SUBMISSION] 2025/09/02 22:39:47.200075 [session_1756867187198880000] Existing build directory found, removing: build/my-text-analyzer/1.0.0
[APP_SUBMISSION] 2025/09/02 22:39:47.238759 [session_1756867187198880000] Successfully removed existing build directory
[APP_SUBMISSION] 2025/09/02 22:39:47.238790 [session_1756867187198880000] Creating build directory: build/my-text-analyzer/1.0.0
[APP_SUBMISSION] 2025/09/02 22:39:47.238950 [session_1756867187198880000] Build directory created successfully
[APP_SUBMISSION] 2025/09/02 22:39:47.238963 [session_1756867187198880000] STEP 5: Compiling Rust trait to WASM
[APP_SUBMISSION] 2025/09/02 22:39:58.732783 [session_1756867187198880000] WASM compilation completed successfully in 11.493815792s
[APP_SUBMISSION] 2025/09/02 22:39:58.732962 [session_1756867187198880000] Compiled WASM path: artifacts/my-text-analyzer/1.0.0.wasm
[APP_SUBMISSION] 2025/09/02 22:39:58.732976 [session_1756867187198880000] STEP 6: Registering app in registry
[APP_SUBMISSION] 2025/09/02 22:39:58.733159 [session_1756867187198880000] App registered successfully. Registry now contains 1 apps
[APP_SUBMISSION] 2025/09/02 22:39:58.733169 [session_1756867187198880000] STEP 7: Sending success response
[APP_SUBMISSION] 2025/09/02 22:39:58.733185 [session_1756867187198880000] === APP SUBMISSION COMPLETED SUCCESSFULLY ===
[APP_SUBMISSION] 2025/09/02 22:41:02.365828 === NEW TOOL EXECUTION REQUEST [tool_session_1756867262365811000] ===
[APP_SUBMISSION] 2025/09/02 22:41:02.366286 [tool_session_1756867262365811000] Client IP: [::1]:57614
[APP_SUBMISSION] 2025/09/02 22:41:02.366325 [tool_session_1756867262365811000] Request Method: POST
[APP_SUBMISSION] 2025/09/02 22:41:02.366343 [tool_session_1756867262365811000] Request URL: /run_tool
[APP_SUBMISSION] 2025/09/02 22:41:02.366356 [tool_session_1756867262365811000] User-Agent: Mozilla/5.0 (Macintosh; Intel Mac OS X 10_15_7) AppleWebKit/605.1.15 (KHTML, like Gecko) Version/18.6 Safari/605.1.15
[APP_SUBMISSION] 2025/09/02 22:41:02.366443 [tool_session_1756867262365811000] Content-Type: application/json
[APP_SUBMISSION] 2025/09/02 22:41:02.366460 [tool_session_1756867262365811000] STEP 1: Parsing tool execution request
[APP_SUBMISSION] 2025/09/02 22:41:02.366634 [tool_session_1756867262365811000] Parsed request - AppID: my-text-analyzer, ToolName: analyze_text, InputLength: 281
[APP_SUBMISSION] 2025/09/02 22:41:02.366664 [tool_session_1756867262365811000] STEP 2: Looking up app in registry
[APP_SUBMISSION] 2025/09/02 22:41:02.366749 [tool_session_1756867262365811000] App found - Version: 1.0.0, Runtime: wasm, ArtifactURI: artifacts/my-text-analyzer/1.0.0.wasm
[APP_SUBMISSION] 2025/09/02 22:41:02.366766 [tool_session_1756867262365811000] Tool 'analyze_text' found with input format: {"text": "string", "user_id": "string}
[APP_SUBMISSION] 2025/09/02 22:41:02.366777 [tool_session_1756867262365811000] STEP 3: Loading WASM module from: artifacts/my-text-analyzer/1.0.0.wasm
[APP_SUBMISSION] 2025/09/02 22:41:02.368331 [tool_session_1756867262365811000] WASM module loaded successfully (1360979 bytes)
[APP_SUBMISSION] 2025/09/02 22:41:02.368359 [tool_session_1756867262365811000] STEP 4: Executing tool 'analyze_text' (delegating to executeAppTool)
[APP_SUBMISSION] 2025/09/02 22:41:02.368371 [tool_session_1756867262365811000] STEP 5: Executing tool 'analyze_text'
[APP_SUBMISSION] 2025/09/02 22:41:02.587216 [tool_session_1756867262365811000] ERROR: Tool execution failed: failed to instantiate WASM module: unknown import: `__wbindgen_placeholder__::__wbg_new0_f788a2397c7ca929` has not been defined
[APP_SUBMISSION] 2025/09/02 22:41:02.587281 [tool_session_1756867262365811000] RESPONSE: HTTP 500 - Tool execution failed
[APP_SUBMISSION] 2025/09/02 22:46:53.464796 === App Submission Logger Initialized ===
[APP_SUBMISSION] 2025/09/02 22:49:12.592562 === NEW APP SUBMISSION REQUEST [session_1756867752592537000] ===
[APP_SUBMISSION] 2025/09/02 22:49:12.593257 [session_1756867752592537000] Client IP: [::1]:57948
[APP_SUBMISSION] 2025/09/02 22:49:12.593430 [session_1756867752592537000] Request Method: POST
[APP_SUBMISSION] 2025/09/02 22:49:12.593540 [session_1756867752592537000] Request URL: /submit_app_src
[APP_SUBMISSION] 2025/09/02 22:49:12.593581 [session_1756867752592537000] User-Agent: Mozilla/5.0 (Macintosh; Intel Mac OS X 10_15_7) AppleWebKit/605.1.15 (KHTML, like Gecko) Version/18.6 Safari/605.1.15
[APP_SUBMISSION] 2025/09/02 22:49:12.593616 [session_1756867752592537000] Content-Type: application/json
[APP_SUBMISSION] 2025/09/02 22:49:12.593639 [session_1756867752592537000] STEP 1: Parsing request body
[APP_SUBMISSION] 2025/09/02 22:49:12.594602 [session_1756867752592537000] Parsed request: {
  "appId": "my-text-analyzer",
  "appSrcLength": 7601,
  "appSrcPreview": "use serde_json::json;\nuse chrono::{DateTime, Utc, Duration};\nuse regex::Regex;\n\nstruct TextAnalyzerA...",
  "runtime": "wasm",
  "tools": [
    {
      "name": "analyze_text",
      "inputFormat": "{\"test\": \"string\"}"
    },
    {
      "name": "get_history",
      "inputFormat": "{\"user_id\": \"string\", \"limit\": \"number?\"}"
    },
    {
      "name": "generate_report",
      "inputFormat": "{\"days\": \"number?\"}"
    }
  ],
  "version": "1.0.0"
}
[APP_SUBMISSION] 2025/09/02 22:49:12.594655 [session_1756867752592537000] STEP 2: Validating request fields
[APP_SUBMISSION] 2025/09/02 22:49:12.594680 [session_1756867752592537000] All validation passed
[APP_SUBMISSION] 2025/09/02 22:49:12.594701 [session_1756867752592537000] STEP 3: Checking for existing compiled WASM
[APP_SUBMISSION] 2025/09/02 22:49:12.594728 [session_1756867752592537000] Checking path: artifacts/my-text-analyzer/1.0.0.wasm
[APP_SUBMISSION] 2025/09/02 22:49:12.594800 [session_1756867752592537000] No existing WASM found - proceeding with compilation
[APP_SUBMISSION] 2025/09/02 22:49:12.594824 [session_1756867752592537000] STEP 4: Setting up build directory
[APP_SUBMISSION] 2025/09/02 22:49:12.594847 [session_1756867752592537000] Build directory: build/my-text-analyzer/1.0.0
[APP_SUBMISSION] 2025/09/02 22:49:12.594890 [session_1756867752592537000] Creating build directory: build/my-text-analyzer/1.0.0
[APP_SUBMISSION] 2025/09/02 22:49:12.595719 [session_1756867752592537000] Build directory created successfully
[APP_SUBMISSION] 2025/09/02 22:49:12.595740 [session_1756867752592537000] STEP 5: Compiling Rust trait to WASM
[APP_SUBMISSION] 2025/09/02 22:49:24.204193 [session_1756867752592537000] WASM compilation completed successfully in 11.608447709s
[APP_SUBMISSION] 2025/09/02 22:49:24.204369 [session_1756867752592537000] Compiled WASM path: artifacts/my-text-analyzer/1.0.0.wasm
[APP_SUBMISSION] 2025/09/02 22:49:24.204375 [session_1756867752592537000] STEP 6: Registering app in registry
[APP_SUBMISSION] 2025/09/02 22:49:24.204510 [session_1756867752592537000] App registered successfully. Registry now contains 1 apps
[APP_SUBMISSION] 2025/09/02 22:49:24.204517 [session_1756867752592537000] STEP 7: Sending success response
[APP_SUBMISSION] 2025/09/02 22:49:24.204534 [session_1756867752592537000] === APP SUBMISSION COMPLETED SUCCESSFULLY ===
[APP_SUBMISSION] 2025/09/02 22:49:55.061657 === NEW TOOL EXECUTION REQUEST [tool_session_1756867795061615000] ===
[APP_SUBMISSION] 2025/09/02 22:49:55.062140 [tool_session_1756867795061615000] Client IP: [::1]:57948
[APP_SUBMISSION] 2025/09/02 22:49:55.062274 [tool_session_1756867795061615000] Request Method: POST
[APP_SUBMISSION] 2025/09/02 22:49:55.062309 [tool_session_1756867795061615000] Request URL: /run_tool
[APP_SUBMISSION] 2025/09/02 22:49:55.062336 [tool_session_1756867795061615000] User-Agent: Mozilla/5.0 (Macintosh; Intel Mac OS X 10_15_7) AppleWebKit/605.1.15 (KHTML, like Gecko) Version/18.6 Safari/605.1.15
[APP_SUBMISSION] 2025/09/02 22:49:55.062404 [tool_session_1756867795061615000] Content-Type: application/json
[APP_SUBMISSION] 2025/09/02 22:49:55.062424 [tool_session_1756867795061615000] STEP 1: Parsing tool execution request
[APP_SUBMISSION] 2025/09/02 22:49:55.062826 [tool_session_1756867795061615000] Parsed request - AppID: my-text-analyzer, ToolName: analyze_text, InputLength: 281
[APP_SUBMISSION] 2025/09/02 22:49:55.062876 [tool_session_1756867795061615000] STEP 2: Looking up app in registry
[APP_SUBMISSION] 2025/09/02 22:49:55.062899 [tool_session_1756867795061615000] App found - Version: 1.0.0, Runtime: wasm, ArtifactURI: artifacts/my-text-analyzer/1.0.0.wasm
[APP_SUBMISSION] 2025/09/02 22:49:55.062943 [tool_session_1756867795061615000] Tool 'analyze_text' found with input format: {"test": "string"}
[APP_SUBMISSION] 2025/09/02 22:49:55.062966 [tool_session_1756867795061615000] STEP 3: Loading WASM module from: artifacts/my-text-analyzer/1.0.0.wasm
[APP_SUBMISSION] 2025/09/02 22:49:55.064738 [tool_session_1756867795061615000] WASM module loaded successfully (1358797 bytes)
[APP_SUBMISSION] 2025/09/02 22:49:55.064758 [tool_session_1756867795061615000] STEP 4: Executing tool 'analyze_text' (delegating to executeAppTool)
[APP_SUBMISSION] 2025/09/02 22:49:55.064767 [tool_session_1756867795061615000] STEP 5: Executing tool 'analyze_text'
[APP_SUBMISSION] 2025/09/02 22:49:55.274691 [tool_session_1756867795061615000] ERROR: Tool execution failed: failed to instantiate WASM module: unknown import: `__wbindgen_placeholder__::__wbg_new0_f788a2397c7ca929` has not been defined
[APP_SUBMISSION] 2025/09/02 22:49:55.274729 [tool_session_1756867795061615000] RESPONSE: HTTP 500 - Tool execution failed
[APP_SUBMISSION] 2025/09/02 22:59:34.544103 === App Submission Logger Initialized ===
[APP_SUBMISSION] 2025/09/02 23:01:31.701278 === NEW APP SUBMISSION REQUEST [session_1756868491701241000] ===
[APP_SUBMISSION] 2025/09/02 23:01:31.701855 [session_1756868491701241000] Client IP: [::1]:58375
[APP_SUBMISSION] 2025/09/02 23:01:31.701916 [session_1756868491701241000] Request Method: POST
[APP_SUBMISSION] 2025/09/02 23:01:31.701998 [session_1756868491701241000] Request URL: /submit_app_src
[APP_SUBMISSION] 2025/09/02 23:01:31.702045 [session_1756868491701241000] User-Agent: Mozilla/5.0 (Macintosh; Intel Mac OS X 10_15_7) AppleWebKit/605.1.15 (KHTML, like Gecko) Version/18.6 Safari/605.1.15
[APP_SUBMISSION] 2025/09/02 23:01:31.702197 [session_1756868491701241000] Content-Type: application/json
[APP_SUBMISSION] 2025/09/02 23:01:31.702241 [session_1756868491701241000] STEP 1: Parsing request body
[APP_SUBMISSION] 2025/09/02 23:01:31.704386 [session_1756868491701241000] Parsed request: {
  "appId": "my-text-analyzer",
  "appSrcLength": 7666,
  "appSrcPreview": "use serde_json::json;\nuse regex::Regex;\nuse std::sync::atomic::{AtomicU64, Ordering};\n\nstatic COUNTE...",
  "runtime": "wasm",
  "tools": [
    {
      "name": "analyze_text",
      "inputFormat": "{\"test\": \"string\", \"user_id\": \"string?\"}"
    },
    {
      "name": "get_history",
      "inputFormat": "{\"user_id\": \"string\", \"limit\": \"number?\"}"
    },
    {
      "name": "generate_report",
      "inputFormat": "{\"limit\": \"number?\"}"
    }
  ],
  "version": "1.0.0"
}
[APP_SUBMISSION] 2025/09/02 23:01:31.704420 [session_1756868491701241000] STEP 2: Validating request fields
[APP_SUBMISSION] 2025/09/02 23:01:31.704434 [session_1756868491701241000] All validation passed
[APP_SUBMISSION] 2025/09/02 23:01:31.704445 [session_1756868491701241000] STEP 3: Checking for existing compiled WASM
[APP_SUBMISSION] 2025/09/02 23:01:31.704463 [session_1756868491701241000] Checking path: artifacts/my-text-analyzer/1.0.0.wasm
[APP_SUBMISSION] 2025/09/02 23:01:31.704487 [session_1756868491701241000] No existing WASM found - proceeding with compilation
[APP_SUBMISSION] 2025/09/02 23:01:31.704498 [session_1756868491701241000] STEP 4: Setting up build directory
[APP_SUBMISSION] 2025/09/02 23:01:31.704537 [session_1756868491701241000] Build directory: build/my-text-analyzer/1.0.0
[APP_SUBMISSION] 2025/09/02 23:01:31.704550 [session_1756868491701241000] Creating build directory: build/my-text-analyzer/1.0.0
[APP_SUBMISSION] 2025/09/02 23:01:31.705130 [session_1756868491701241000] Build directory created successfully
[APP_SUBMISSION] 2025/09/02 23:01:31.705148 [session_1756868491701241000] STEP 5: Compiling Rust trait to WASM
[APP_SUBMISSION] 2025/09/02 23:01:41.000428 [session_1756868491701241000] WASM compilation completed successfully in 9.295247584s
[APP_SUBMISSION] 2025/09/02 23:01:41.000603 [session_1756868491701241000] Compiled WASM path: artifacts/my-text-analyzer/1.0.0.wasm
[APP_SUBMISSION] 2025/09/02 23:01:41.000614 [session_1756868491701241000] STEP 6: Registering app in registry
[APP_SUBMISSION] 2025/09/02 23:01:41.000780 [session_1756868491701241000] App registered successfully. Registry now contains 1 apps
[APP_SUBMISSION] 2025/09/02 23:01:41.000787 [session_1756868491701241000] STEP 7: Sending success response
[APP_SUBMISSION] 2025/09/02 23:01:41.000805 [session_1756868491701241000] === APP SUBMISSION COMPLETED SUCCESSFULLY ===
[APP_SUBMISSION] 2025/09/02 23:02:31.145210 === NEW TOOL EXECUTION REQUEST [tool_session_1756868551145182000] ===
[APP_SUBMISSION] 2025/09/02 23:02:31.145758 [tool_session_1756868551145182000] Client IP: [::1]:58385
[APP_SUBMISSION] 2025/09/02 23:02:31.145821 [tool_session_1756868551145182000] Request Method: POST
[APP_SUBMISSION] 2025/09/02 23:02:31.145852 [tool_session_1756868551145182000] Request URL: /run_tool
[APP_SUBMISSION] 2025/09/02 23:02:31.145877 [tool_session_1756868551145182000] User-Agent: Mozilla/5.0 (Macintosh; Intel Mac OS X 10_15_7) AppleWebKit/605.1.15 (KHTML, like Gecko) Version/18.6 Safari/605.1.15
[APP_SUBMISSION] 2025/09/02 23:02:31.145924 [tool_session_1756868551145182000] Content-Type: application/json
[APP_SUBMISSION] 2025/09/02 23:02:31.145947 [tool_session_1756868551145182000] STEP 1: Parsing tool execution request
[APP_SUBMISSION] 2025/09/02 23:02:31.146100 [tool_session_1756868551145182000] Parsed request - AppID: my-text-analyzer, ToolName: analyze_text, InputLength: 298
[APP_SUBMISSION] 2025/09/02 23:02:31.146136 [tool_session_1756868551145182000] STEP 2: Looking up app in registry
[APP_SUBMISSION] 2025/09/02 23:02:31.146164 [tool_session_1756868551145182000] App found - Version: 1.0.0, Runtime: wasm, ArtifactURI: artifacts/my-text-analyzer/1.0.0.wasm
[APP_SUBMISSION] 2025/09/02 23:02:31.146188 [tool_session_1756868551145182000] Tool 'analyze_text' found with input format: {"test": "string", "user_id": "string?"}
[APP_SUBMISSION] 2025/09/02 23:02:31.146209 [tool_session_1756868551145182000] STEP 3: Loading WASM module from: artifacts/my-text-analyzer/1.0.0.wasm
[APP_SUBMISSION] 2025/09/02 23:02:31.147726 [tool_session_1756868551145182000] WASM module loaded successfully (1155749 bytes)
[APP_SUBMISSION] 2025/09/02 23:02:31.147764 [tool_session_1756868551145182000] STEP 4: Executing tool 'analyze_text' (delegating to executeAppTool)
[APP_SUBMISSION] 2025/09/02 23:02:31.147779 [tool_session_1756868551145182000] STEP 5: Executing tool 'analyze_text'
[APP_SUBMISSION] 2025/09/02 23:02:34.383586 [tool_session_1756868551145182000] Tool execution completed successfully
[APP_SUBMISSION] 2025/09/02 23:02:34.383647 [tool_session_1756868551145182000] STEP 6: Sending response
[APP_SUBMISSION] 2025/09/02 23:02:34.383698 [tool_session_1756868551145182000] === TOOL EXECUTION COMPLETED SUCCESSFULLY ===
