[APP_SUBMISSION] 2025/08/28 17:08:41.750014 === App Submission Logger Initialized ===
[APP_SUBMISSION] 2025/08/28 17:09:31.199613 === NEW TOOL EXECUTION REQUEST [tool_session_1756415371199152000] ===
[APP_SUBMISSION] 2025/08/28 17:09:31.199790 [tool_session_1756415371199152000] Client IP: [::1]:54511
[APP_SUBMISSION] 2025/08/28 17:09:31.199808 [tool_session_1756415371199152000] Request Method: POST
[APP_SUBMISSION] 2025/08/28 17:09:31.199820 [tool_session_1756415371199152000] Request URL: /run_tool
[APP_SUBMISSION] 2025/08/28 17:09:31.199829 [tool_session_1756415371199152000] User-Agent: python-httpx/0.28.1
[APP_SUBMISSION] 2025/08/28 17:09:31.199843 [tool_session_1756415371199152000] Content-Type: application/json
[APP_SUBMISSION] 2025/08/28 17:09:31.199852 [tool_session_1756415371199152000] STEP 1: Parsing tool execution request
[APP_SUBMISSION] 2025/08/28 17:09:31.199987 [tool_session_1756415371199152000] Parsed request - AppID: food-tracker, ToolName: add_food, InputLength: 70
[APP_SUBMISSION] 2025/08/28 17:09:31.200030 [tool_session_1756415371199152000] STEP 2: Looking up app in registry
[APP_SUBMISSION] 2025/08/28 17:09:31.200300 [tool_session_1756415371199152000] App found - Version: 1.0.0, Runtime: wasm, ArtifactURI: artifacts/food-tracker/1.0.0.wasm
[APP_SUBMISSION] 2025/08/28 17:09:31.200719 [tool_session_1756415371199152000] STEP 3: Loading WASM module from: artifacts/food-tracker/1.0.0.wasm
[APP_SUBMISSION] 2025/08/28 17:09:31.201312 [tool_session_1756415371199152000] WASM module loaded successfully (134151 bytes)
[APP_SUBMISSION] 2025/08/28 17:09:31.201335 [tool_session_1756415371199152000] STEP 4: Compiling WASM module
[APP_SUBMISSION] 2025/08/28 17:09:31.255412 [tool_session_1756415371199152000] WASM module compiled successfully
[APP_SUBMISSION] 2025/08/28 17:09:31.255454 [tool_session_1756415371199152000] STEP 5: Setting up WASM linker and host functions
[APP_SUBMISSION] 2025/08/28 17:09:31.263670 [tool_session_1756415371199152000] STEP 6: Instantiating WASM module
[APP_SUBMISSION] 2025/08/28 17:09:31.268297 [tool_session_1756415371199152000] WASM module instantiated successfully
[APP_SUBMISSION] 2025/08/28 17:09:31.268332 [tool_session_1756415371199152000] STEP 7: Verifying required WASM functions
[APP_SUBMISSION] 2025/08/28 17:09:31.268411 [tool_session_1756415371199152000] All required WASM functions found
[APP_SUBMISSION] 2025/08/28 17:09:31.268424 [tool_session_1756415371199152000] STEP 8: Preparing input for WASM execution
[APP_SUBMISSION] 2025/08/28 17:09:31.268476 [tool_session_1756415371199152000] Input prepared - Tool: add_food, InputLength: 97
[APP_SUBMISSION] 2025/08/28 17:09:31.268483 [tool_session_1756415371199152000] Allocating WASM memory for input (97 bytes)
[APP_SUBMISSION] 2025/08/28 17:09:31.271387 [tool_session_1756415371199152000] Input memory allocated at pointer: 1114120
[APP_SUBMISSION] 2025/08/28 17:09:31.271441 [tool_session_1756415371199152000] Copying input data to WASM memory
[APP_SUBMISSION] 2025/08/28 17:09:31.271472 [tool_session_1756415371199152000] STEP 9: Executing WASM 'run' function
[APP_SUBMISSION] 2025/08/28 17:09:31.279412 [tool_session_1756415371199152000] WASM execution completed successfully in 7.908875ms, result length: 68
[APP_SUBMISSION] 2025/08/28 17:09:31.279518 [tool_session_1756415371199152000] STEP 10: Retrieving execution results
[APP_SUBMISSION] 2025/08/28 17:09:31.279681 [tool_session_1756415371199152000] Result pointer: 1114360
[APP_SUBMISSION] 2025/08/28 17:09:31.279735 [tool_session_1756415371199152000] Result retrieved (68 bytes)
[APP_SUBMISSION] 2025/08/28 17:09:31.279750 [tool_session_1756415371199152000] Cleaning up allocated input memory
[APP_SUBMISSION] 2025/08/28 17:09:31.279823 [tool_session_1756415371199152000] STEP 11: Sending success response
[APP_SUBMISSION] 2025/08/28 17:09:31.279887 [tool_session_1756415371199152000] Response prepared (108 bytes)
[APP_SUBMISSION] 2025/08/28 17:09:31.279904 [tool_session_1756415371199152000] === TOOL EXECUTION COMPLETED SUCCESSFULLY ===
[APP_SUBMISSION] 2025/08/28 17:09:31.279910 [tool_session_1756415371199152000] Total execution time: 8.42425ms
[APP_SUBMISSION] 2025/08/28 17:09:33.816015 === NEW TOOL EXECUTION REQUEST [tool_session_1756415373816009000] ===
[APP_SUBMISSION] 2025/08/28 17:09:33.816444 [tool_session_1756415373816009000] Client IP: [::1]:54512
[APP_SUBMISSION] 2025/08/28 17:09:33.816474 [tool_session_1756415373816009000] Request Method: POST
[APP_SUBMISSION] 2025/08/28 17:09:33.816495 [tool_session_1756415373816009000] Request URL: /run_tool
[APP_SUBMISSION] 2025/08/28 17:09:33.816513 [tool_session_1756415373816009000] User-Agent: python-httpx/0.28.1
[APP_SUBMISSION] 2025/08/28 17:09:33.816530 [tool_session_1756415373816009000] Content-Type: application/json
[APP_SUBMISSION] 2025/08/28 17:09:33.816546 [tool_session_1756415373816009000] STEP 1: Parsing tool execution request
[APP_SUBMISSION] 2025/08/28 17:09:33.816629 [tool_session_1756415373816009000] Parsed request - AppID: food-tracker, ToolName: add_food, InputLength: 75
[APP_SUBMISSION] 2025/08/28 17:09:33.816656 [tool_session_1756415373816009000] STEP 2: Looking up app in registry
[APP_SUBMISSION] 2025/08/28 17:09:33.816674 [tool_session_1756415373816009000] App found - Version: 1.0.0, Runtime: wasm, ArtifactURI: artifacts/food-tracker/1.0.0.wasm
[APP_SUBMISSION] 2025/08/28 17:09:33.816690 [tool_session_1756415373816009000] STEP 3: Loading WASM module from: artifacts/food-tracker/1.0.0.wasm
[APP_SUBMISSION] 2025/08/28 17:09:33.816969 [tool_session_1756415373816009000] WASM module loaded successfully (134151 bytes)
[APP_SUBMISSION] 2025/08/28 17:09:33.816999 [tool_session_1756415373816009000] STEP 4: Compiling WASM module
[APP_SUBMISSION] 2025/08/28 17:09:33.843987 [tool_session_1756415373816009000] WASM module compiled successfully
[APP_SUBMISSION] 2025/08/28 17:09:33.844058 [tool_session_1756415373816009000] STEP 5: Setting up WASM linker and host functions
[APP_SUBMISSION] 2025/08/28 17:09:33.844495 [tool_session_1756415373816009000] STEP 6: Instantiating WASM module
[APP_SUBMISSION] 2025/08/28 17:09:33.844559 [tool_session_1756415373816009000] WASM module instantiated successfully
[APP_SUBMISSION] 2025/08/28 17:09:33.844570 [tool_session_1756415373816009000] STEP 7: Verifying required WASM functions
[APP_SUBMISSION] 2025/08/28 17:09:33.844590 [tool_session_1756415373816009000] All required WASM functions found
[APP_SUBMISSION] 2025/08/28 17:09:33.844596 [tool_session_1756415373816009000] STEP 8: Preparing input for WASM execution
[APP_SUBMISSION] 2025/08/28 17:09:33.844613 [tool_session_1756415373816009000] Input prepared - Tool: add_food, InputLength: 102
[APP_SUBMISSION] 2025/08/28 17:09:33.844626 [tool_session_1756415373816009000] Allocating WASM memory for input (102 bytes)
[APP_SUBMISSION] 2025/08/28 17:09:33.844693 [tool_session_1756415373816009000] Input memory allocated at pointer: 1114120
[APP_SUBMISSION] 2025/08/28 17:09:33.844699 [tool_session_1756415373816009000] Copying input data to WASM memory
[APP_SUBMISSION] 2025/08/28 17:09:33.844707 [tool_session_1756415373816009000] STEP 9: Executing WASM 'run' function
[APP_SUBMISSION] 2025/08/28 17:09:33.845779 [tool_session_1756415373816009000] WASM execution completed successfully in 1.067333ms, result length: 63
[APP_SUBMISSION] 2025/08/28 17:09:33.845948 [tool_session_1756415373816009000] STEP 10: Retrieving execution results
[APP_SUBMISSION] 2025/08/28 17:09:33.845995 [tool_session_1756415373816009000] Result pointer: 1114368
[APP_SUBMISSION] 2025/08/28 17:09:33.846020 [tool_session_1756415373816009000] Result retrieved (63 bytes)
[APP_SUBMISSION] 2025/08/28 17:09:33.846029 [tool_session_1756415373816009000] Cleaning up allocated input memory
[APP_SUBMISSION] 2025/08/28 17:09:33.846042 [tool_session_1756415373816009000] STEP 11: Sending success response
[APP_SUBMISSION] 2025/08/28 17:09:33.846060 [tool_session_1756415373816009000] Response prepared (103 bytes)
[APP_SUBMISSION] 2025/08/28 17:09:33.846071 [tool_session_1756415373816009000] === TOOL EXECUTION COMPLETED SUCCESSFULLY ===
[APP_SUBMISSION] 2025/08/28 17:09:33.846078 [tool_session_1756415373816009000] Total execution time: 1.367333ms
[APP_SUBMISSION] 2025/08/28 17:09:37.472358 === NEW TOOL EXECUTION REQUEST [tool_session_1756415377472342000] ===
[APP_SUBMISSION] 2025/08/28 17:09:37.472583 [tool_session_1756415377472342000] Client IP: [::1]:54513
[APP_SUBMISSION] 2025/08/28 17:09:37.472629 [tool_session_1756415377472342000] Request Method: POST
[APP_SUBMISSION] 2025/08/28 17:09:37.472657 [tool_session_1756415377472342000] Request URL: /run_tool
[APP_SUBMISSION] 2025/08/28 17:09:37.472681 [tool_session_1756415377472342000] User-Agent: python-httpx/0.28.1
[APP_SUBMISSION] 2025/08/28 17:09:37.472703 [tool_session_1756415377472342000] Content-Type: application/json
[APP_SUBMISSION] 2025/08/28 17:09:37.472725 [tool_session_1756415377472342000] STEP 1: Parsing tool execution request
[APP_SUBMISSION] 2025/08/28 17:09:37.472790 [tool_session_1756415377472342000] Parsed request - AppID: food-tracker, ToolName: add_food, InputLength: 70
[APP_SUBMISSION] 2025/08/28 17:09:37.472820 [tool_session_1756415377472342000] STEP 2: Looking up app in registry
[APP_SUBMISSION] 2025/08/28 17:09:37.472843 [tool_session_1756415377472342000] App found - Version: 1.0.0, Runtime: wasm, ArtifactURI: artifacts/food-tracker/1.0.0.wasm
[APP_SUBMISSION] 2025/08/28 17:09:37.472873 [tool_session_1756415377472342000] STEP 3: Loading WASM module from: artifacts/food-tracker/1.0.0.wasm
[APP_SUBMISSION] 2025/08/28 17:09:37.473110 [tool_session_1756415377472342000] WASM module loaded successfully (134151 bytes)
[APP_SUBMISSION] 2025/08/28 17:09:37.473147 [tool_session_1756415377472342000] STEP 4: Compiling WASM module
[APP_SUBMISSION] 2025/08/28 17:09:37.509133 [tool_session_1756415377472342000] WASM module compiled successfully
[APP_SUBMISSION] 2025/08/28 17:09:37.509269 [tool_session_1756415377472342000] STEP 5: Setting up WASM linker and host functions
[APP_SUBMISSION] 2025/08/28 17:09:37.509861 [tool_session_1756415377472342000] STEP 6: Instantiating WASM module
[APP_SUBMISSION] 2025/08/28 17:09:37.509924 [tool_session_1756415377472342000] WASM module instantiated successfully
[APP_SUBMISSION] 2025/08/28 17:09:37.509937 [tool_session_1756415377472342000] STEP 7: Verifying required WASM functions
[APP_SUBMISSION] 2025/08/28 17:09:37.509950 [tool_session_1756415377472342000] All required WASM functions found
[APP_SUBMISSION] 2025/08/28 17:09:37.509956 [tool_session_1756415377472342000] STEP 8: Preparing input for WASM execution
[APP_SUBMISSION] 2025/08/28 17:09:37.509972 [tool_session_1756415377472342000] Input prepared - Tool: add_food, InputLength: 97
[APP_SUBMISSION] 2025/08/28 17:09:37.509978 [tool_session_1756415377472342000] Allocating WASM memory for input (97 bytes)
[APP_SUBMISSION] 2025/08/28 17:09:37.510012 [tool_session_1756415377472342000] Input memory allocated at pointer: 1114120
[APP_SUBMISSION] 2025/08/28 17:09:37.510024 [tool_session_1756415377472342000] Copying input data to WASM memory
[APP_SUBMISSION] 2025/08/28 17:09:37.510037 [tool_session_1756415377472342000] STEP 9: Executing WASM 'run' function
[APP_SUBMISSION] 2025/08/28 17:09:37.511112 [tool_session_1756415377472342000] WASM execution completed successfully in 1.069375ms, result length: 118
[APP_SUBMISSION] 2025/08/28 17:09:37.511124 [tool_session_1756415377472342000] STEP 10: Retrieving execution results
[APP_SUBMISSION] 2025/08/28 17:09:37.511130 [tool_session_1756415377472342000] Result pointer: 1114360
[APP_SUBMISSION] 2025/08/28 17:09:37.511138 [tool_session_1756415377472342000] Result retrieved (118 bytes)
[APP_SUBMISSION] 2025/08/28 17:09:37.511142 [tool_session_1756415377472342000] Cleaning up allocated input memory
[APP_SUBMISSION] 2025/08/28 17:09:37.511148 [tool_session_1756415377472342000] STEP 11: Sending success response
[APP_SUBMISSION] 2025/08/28 17:09:37.511155 [tool_session_1756415377472342000] Response prepared (158 bytes)
[APP_SUBMISSION] 2025/08/28 17:09:37.511162 [tool_session_1756415377472342000] === TOOL EXECUTION COMPLETED SUCCESSFULLY ===
[APP_SUBMISSION] 2025/08/28 17:09:37.511165 [tool_session_1756415377472342000] Total execution time: 1.122583ms
[APP_SUBMISSION] 2025/08/28 17:14:40.297497 === App Submission Logger Initialized ===
[APP_SUBMISSION] 2025/08/28 17:15:02.710088 === NEW TOOL EXECUTION REQUEST [tool_session_1756415702710081000] ===
[APP_SUBMISSION] 2025/08/28 17:15:02.710331 [tool_session_1756415702710081000] Client IP: [::1]:54565
[APP_SUBMISSION] 2025/08/28 17:15:02.710358 [tool_session_1756415702710081000] Request Method: POST
[APP_SUBMISSION] 2025/08/28 17:15:02.710370 [tool_session_1756415702710081000] Request URL: /run_tool
[APP_SUBMISSION] 2025/08/28 17:15:02.710380 [tool_session_1756415702710081000] User-Agent: python-httpx/0.28.1
[APP_SUBMISSION] 2025/08/28 17:15:02.710389 [tool_session_1756415702710081000] Content-Type: application/json
[APP_SUBMISSION] 2025/08/28 17:15:02.710398 [tool_session_1756415702710081000] STEP 1: Parsing tool execution request
[APP_SUBMISSION] 2025/08/28 17:15:02.710477 [tool_session_1756415702710081000] Parsed request - AppID: food-tracker, ToolName: add_food, InputLength: 70
[APP_SUBMISSION] 2025/08/28 17:15:02.710494 [tool_session_1756415702710081000] STEP 2: Looking up app in registry
[APP_SUBMISSION] 2025/08/28 17:15:02.710513 [tool_session_1756415702710081000] App found - Version: 1.0.0, Runtime: wasm, ArtifactURI: artifacts/food-tracker/1.0.0.wasm
[APP_SUBMISSION] 2025/08/28 17:15:02.710544 [tool_session_1756415702710081000] STEP 3: Loading WASM module from: artifacts/food-tracker/1.0.0.wasm
[APP_SUBMISSION] 2025/08/28 17:15:02.711012 [tool_session_1756415702710081000] WASM module loaded successfully (134151 bytes)
[APP_SUBMISSION] 2025/08/28 17:15:02.711027 [tool_session_1756415702710081000] STEP 4: Compiling WASM module
[APP_SUBMISSION] 2025/08/28 17:15:02.748539 [tool_session_1756415702710081000] WASM module compiled successfully
[APP_SUBMISSION] 2025/08/28 17:15:02.748605 [tool_session_1756415702710081000] STEP 5: Setting up WASM linker and host functions
[APP_SUBMISSION] 2025/08/28 17:15:02.749146 [tool_session_1756415702710081000] STEP 6: Instantiating WASM module
[APP_SUBMISSION] 2025/08/28 17:15:02.749213 [tool_session_1756415702710081000] WASM module instantiated successfully
[APP_SUBMISSION] 2025/08/28 17:15:02.749230 [tool_session_1756415702710081000] STEP 7: Verifying required WASM functions
[APP_SUBMISSION] 2025/08/28 17:15:02.749242 [tool_session_1756415702710081000] All required WASM functions found
[APP_SUBMISSION] 2025/08/28 17:15:02.749247 [tool_session_1756415702710081000] STEP 8: Preparing input for WASM execution
[APP_SUBMISSION] 2025/08/28 17:15:02.749300 [tool_session_1756415702710081000] Input prepared - Tool: add_food, InputLength: 97
[APP_SUBMISSION] 2025/08/28 17:15:02.749310 [tool_session_1756415702710081000] Allocating WASM memory for input (97 bytes)
[APP_SUBMISSION] 2025/08/28 17:15:02.749401 [tool_session_1756415702710081000] Input memory allocated at pointer: 1114120
[APP_SUBMISSION] 2025/08/28 17:15:02.749408 [tool_session_1756415702710081000] Copying input data to WASM memory
[APP_SUBMISSION] 2025/08/28 17:15:02.749416 [tool_session_1756415702710081000] STEP 9: Executing WASM 'run' function
[APP_SUBMISSION] 2025/08/28 17:15:02.750721 [tool_session_1756415702710081000] WASM execution completed successfully in 1.300083ms, result length: 118
[APP_SUBMISSION] 2025/08/28 17:15:02.750737 [tool_session_1756415702710081000] STEP 10: Retrieving execution results
[APP_SUBMISSION] 2025/08/28 17:15:02.750761 [tool_session_1756415702710081000] Result pointer: 1114360
[APP_SUBMISSION] 2025/08/28 17:15:02.750819 [tool_session_1756415702710081000] Result retrieved (118 bytes), result is: {"success":false,"data":null,"error":"JSON parsing error: invalid type: null, expected a sequence at line 1 column 4"}
[APP_SUBMISSION] 2025/08/28 17:15:02.750830 [tool_session_1756415702710081000] Cleaning up allocated input memory
[APP_SUBMISSION] 2025/08/28 17:15:02.750838 [tool_session_1756415702710081000] STEP 11: Sending success response
[APP_SUBMISSION] 2025/08/28 17:15:02.750866 [tool_session_1756415702710081000] Response prepared (158 bytes)
[APP_SUBMISSION] 2025/08/28 17:15:02.750931 [tool_session_1756415702710081000] === TOOL EXECUTION COMPLETED SUCCESSFULLY ===
[APP_SUBMISSION] 2025/08/28 17:15:02.750977 [tool_session_1756415702710081000] Total execution time: 1.555875ms
[APP_SUBMISSION] 2025/08/28 17:15:05.763082 === NEW TOOL EXECUTION REQUEST [tool_session_1756415705763075000] ===
[APP_SUBMISSION] 2025/08/28 17:15:05.763270 [tool_session_1756415705763075000] Client IP: [::1]:54566
[APP_SUBMISSION] 2025/08/28 17:15:05.763300 [tool_session_1756415705763075000] Request Method: POST
[APP_SUBMISSION] 2025/08/28 17:15:05.763325 [tool_session_1756415705763075000] Request URL: /run_tool
[APP_SUBMISSION] 2025/08/28 17:15:05.763347 [tool_session_1756415705763075000] User-Agent: python-httpx/0.28.1
[APP_SUBMISSION] 2025/08/28 17:15:05.763369 [tool_session_1756415705763075000] Content-Type: application/json
[APP_SUBMISSION] 2025/08/28 17:15:05.763389 [tool_session_1756415705763075000] STEP 1: Parsing tool execution request
[APP_SUBMISSION] 2025/08/28 17:15:05.763458 [tool_session_1756415705763075000] Parsed request - AppID: food-tracker, ToolName: add_food, InputLength: 30
[APP_SUBMISSION] 2025/08/28 17:15:05.763486 [tool_session_1756415705763075000] STEP 2: Looking up app in registry
[APP_SUBMISSION] 2025/08/28 17:15:05.763508 [tool_session_1756415705763075000] App found - Version: 1.0.0, Runtime: wasm, ArtifactURI: artifacts/food-tracker/1.0.0.wasm
[APP_SUBMISSION] 2025/08/28 17:15:05.763529 [tool_session_1756415705763075000] STEP 3: Loading WASM module from: artifacts/food-tracker/1.0.0.wasm
[APP_SUBMISSION] 2025/08/28 17:15:05.763878 [tool_session_1756415705763075000] WASM module loaded successfully (134151 bytes)
[APP_SUBMISSION] 2025/08/28 17:15:05.763912 [tool_session_1756415705763075000] STEP 4: Compiling WASM module
[APP_SUBMISSION] 2025/08/28 17:15:05.796945 [tool_session_1756415705763075000] WASM module compiled successfully
[APP_SUBMISSION] 2025/08/28 17:15:05.797023 [tool_session_1756415705763075000] STEP 5: Setting up WASM linker and host functions
[APP_SUBMISSION] 2025/08/28 17:15:05.797572 [tool_session_1756415705763075000] STEP 6: Instantiating WASM module
[APP_SUBMISSION] 2025/08/28 17:15:05.797625 [tool_session_1756415705763075000] WASM module instantiated successfully
[APP_SUBMISSION] 2025/08/28 17:15:05.797634 [tool_session_1756415705763075000] STEP 7: Verifying required WASM functions
[APP_SUBMISSION] 2025/08/28 17:15:05.797648 [tool_session_1756415705763075000] All required WASM functions found
[APP_SUBMISSION] 2025/08/28 17:15:05.797654 [tool_session_1756415705763075000] STEP 8: Preparing input for WASM execution
[APP_SUBMISSION] 2025/08/28 17:15:05.797674 [tool_session_1756415705763075000] Input prepared - Tool: add_food, InputLength: 57
[APP_SUBMISSION] 2025/08/28 17:15:05.797682 [tool_session_1756415705763075000] Allocating WASM memory for input (57 bytes)
[APP_SUBMISSION] 2025/08/28 17:15:05.797736 [tool_session_1756415705763075000] Input memory allocated at pointer: 1114120
[APP_SUBMISSION] 2025/08/28 17:15:05.797743 [tool_session_1756415705763075000] Copying input data to WASM memory
[APP_SUBMISSION] 2025/08/28 17:15:05.797752 [tool_session_1756415705763075000] STEP 9: Executing WASM 'run' function
[APP_SUBMISSION] 2025/08/28 17:15:05.797854 [tool_session_1756415705763075000] WASM execution completed successfully in 97.083µs, result length: 68
[APP_SUBMISSION] 2025/08/28 17:15:05.797866 [tool_session_1756415705763075000] STEP 10: Retrieving execution results
[APP_SUBMISSION] 2025/08/28 17:15:05.797874 [tool_session_1756415705763075000] Result pointer: 1114320
[APP_SUBMISSION] 2025/08/28 17:15:05.797879 [tool_session_1756415705763075000] Result retrieved (68 bytes), result is: {"success":false,"data":null,"error":"Missing or invalid food_name"}
[APP_SUBMISSION] 2025/08/28 17:15:05.797883 [tool_session_1756415705763075000] Cleaning up allocated input memory
[APP_SUBMISSION] 2025/08/28 17:15:05.797889 [tool_session_1756415705763075000] STEP 11: Sending success response
[APP_SUBMISSION] 2025/08/28 17:15:05.797899 [tool_session_1756415705763075000] Response prepared (108 bytes)
[APP_SUBMISSION] 2025/08/28 17:15:05.797906 [tool_session_1756415705763075000] === TOOL EXECUTION COMPLETED SUCCESSFULLY ===
[APP_SUBMISSION] 2025/08/28 17:15:05.797943 [tool_session_1756415705763075000] Total execution time: 186.417µs
[APP_SUBMISSION] 2025/08/28 17:16:09.911655 === App Submission Logger Initialized ===
[APP_SUBMISSION] 2025/08/28 17:16:20.218764 === NEW TOOL EXECUTION REQUEST [tool_session_1756415780218758000] ===
[APP_SUBMISSION] 2025/08/28 17:16:20.219061 [tool_session_1756415780218758000] Client IP: [::1]:54588
[APP_SUBMISSION] 2025/08/28 17:16:20.219104 [tool_session_1756415780218758000] Request Method: POST
[APP_SUBMISSION] 2025/08/28 17:16:20.219130 [tool_session_1756415780218758000] Request URL: /run_tool
[APP_SUBMISSION] 2025/08/28 17:16:20.219154 [tool_session_1756415780218758000] User-Agent: python-httpx/0.28.1
[APP_SUBMISSION] 2025/08/28 17:16:20.219185 [tool_session_1756415780218758000] Content-Type: application/json
[APP_SUBMISSION] 2025/08/28 17:16:20.219208 [tool_session_1756415780218758000] STEP 1: Parsing tool execution request
[APP_SUBMISSION] 2025/08/28 17:16:20.219396 [tool_session_1756415780218758000] Parsed request - AppID: food-tracker, ToolName: add_food, InputLength: 35
[APP_SUBMISSION] 2025/08/28 17:16:20.219453 [tool_session_1756415780218758000] STEP 2: Looking up app in registry
[APP_SUBMISSION] 2025/08/28 17:16:20.219482 [tool_session_1756415780218758000] App found - Version: 1.0.0, Runtime: wasm, ArtifactURI: artifacts/food-tracker/1.0.0.wasm
[APP_SUBMISSION] 2025/08/28 17:16:20.219553 [tool_session_1756415780218758000] STEP 3: Loading WASM module from: artifacts/food-tracker/1.0.0.wasm
[APP_SUBMISSION] 2025/08/28 17:16:20.220345 [tool_session_1756415780218758000] WASM module loaded successfully (134151 bytes)
[APP_SUBMISSION] 2025/08/28 17:16:20.220390 [tool_session_1756415780218758000] STEP 4: Compiling WASM module
[APP_SUBMISSION] 2025/08/28 17:16:20.255979 [tool_session_1756415780218758000] WASM module compiled successfully
[APP_SUBMISSION] 2025/08/28 17:16:20.256044 [tool_session_1756415780218758000] STEP 5: Setting up WASM linker and host functions
[APP_SUBMISSION] 2025/08/28 17:16:20.256888 [tool_session_1756415780218758000] STEP 6: Instantiating WASM module
[APP_SUBMISSION] 2025/08/28 17:16:20.257001 [tool_session_1756415780218758000] WASM module instantiated successfully
[APP_SUBMISSION] 2025/08/28 17:16:20.257024 [tool_session_1756415780218758000] STEP 7: Verifying required WASM functions
[APP_SUBMISSION] 2025/08/28 17:16:20.257060 [tool_session_1756415780218758000] All required WASM functions found
[APP_SUBMISSION] 2025/08/28 17:16:20.257072 [tool_session_1756415780218758000] STEP 8: Preparing input for WASM execution
[APP_SUBMISSION] 2025/08/28 17:16:20.257179 [tool_session_1756415780218758000] Input prepared - Tool: add_food, InputLength: 62, Input: {"data":{"food_name":"hotdog with ketchup"},"tool":"add_food"}
[APP_SUBMISSION] 2025/08/28 17:16:20.257199 [tool_session_1756415780218758000] Allocating WASM memory for input (62 bytes)
[APP_SUBMISSION] 2025/08/28 17:16:20.257335 [tool_session_1756415780218758000] Input memory allocated at pointer: 1114120
[APP_SUBMISSION] 2025/08/28 17:16:20.257385 [tool_session_1756415780218758000] Copying input data to WASM memory
[APP_SUBMISSION] 2025/08/28 17:16:20.257458 [tool_session_1756415780218758000] STEP 9: Executing WASM 'run' function
[APP_SUBMISSION] 2025/08/28 17:16:20.257842 [tool_session_1756415780218758000] WASM execution completed successfully in 346.542µs, result length: 63
[APP_SUBMISSION] 2025/08/28 17:16:20.257858 [tool_session_1756415780218758000] STEP 10: Retrieving execution results
[APP_SUBMISSION] 2025/08/28 17:16:20.257866 [tool_session_1756415780218758000] Result pointer: 1114328
[APP_SUBMISSION] 2025/08/28 17:16:20.257871 [tool_session_1756415780218758000] Result retrieved (63 bytes), result is: {"success":false,"data":null,"error":"Missing or invalid meal"}
[APP_SUBMISSION] 2025/08/28 17:16:20.257875 [tool_session_1756415780218758000] Cleaning up allocated input memory
[APP_SUBMISSION] 2025/08/28 17:16:20.257881 [tool_session_1756415780218758000] STEP 11: Sending success response
[APP_SUBMISSION] 2025/08/28 17:16:20.257903 [tool_session_1756415780218758000] Response prepared (103 bytes)
[APP_SUBMISSION] 2025/08/28 17:16:20.257910 [tool_session_1756415780218758000] === TOOL EXECUTION COMPLETED SUCCESSFULLY ===
[APP_SUBMISSION] 2025/08/28 17:16:20.257913 [tool_session_1756415780218758000] Total execution time: 417.625µs
[APP_SUBMISSION] 2025/08/28 17:16:22.950260 === NEW TOOL EXECUTION REQUEST [tool_session_1756415782950255000] ===
[APP_SUBMISSION] 2025/08/28 17:16:22.950397 [tool_session_1756415782950255000] Client IP: [::1]:54589
[APP_SUBMISSION] 2025/08/28 17:16:22.950417 [tool_session_1756415782950255000] Request Method: POST
[APP_SUBMISSION] 2025/08/28 17:16:22.950432 [tool_session_1756415782950255000] Request URL: /run_tool
[APP_SUBMISSION] 2025/08/28 17:16:22.950445 [tool_session_1756415782950255000] User-Agent: python-httpx/0.28.1
[APP_SUBMISSION] 2025/08/28 17:16:22.950456 [tool_session_1756415782950255000] Content-Type: application/json
[APP_SUBMISSION] 2025/08/28 17:16:22.950467 [tool_session_1756415782950255000] STEP 1: Parsing tool execution request
[APP_SUBMISSION] 2025/08/28 17:16:22.950512 [tool_session_1756415782950255000] Parsed request - AppID: food-tracker, ToolName: add_food, InputLength: 50
[APP_SUBMISSION] 2025/08/28 17:16:22.950531 [tool_session_1756415782950255000] STEP 2: Looking up app in registry
[APP_SUBMISSION] 2025/08/28 17:16:22.950543 [tool_session_1756415782950255000] App found - Version: 1.0.0, Runtime: wasm, ArtifactURI: artifacts/food-tracker/1.0.0.wasm
[APP_SUBMISSION] 2025/08/28 17:16:22.950555 [tool_session_1756415782950255000] STEP 3: Loading WASM module from: artifacts/food-tracker/1.0.0.wasm
[APP_SUBMISSION] 2025/08/28 17:16:22.950814 [tool_session_1756415782950255000] WASM module loaded successfully (134151 bytes)
[APP_SUBMISSION] 2025/08/28 17:16:22.950845 [tool_session_1756415782950255000] STEP 4: Compiling WASM module
[APP_SUBMISSION] 2025/08/28 17:16:22.980524 [tool_session_1756415782950255000] WASM module compiled successfully
[APP_SUBMISSION] 2025/08/28 17:16:22.980591 [tool_session_1756415782950255000] STEP 5: Setting up WASM linker and host functions
[APP_SUBMISSION] 2025/08/28 17:16:22.981074 [tool_session_1756415782950255000] STEP 6: Instantiating WASM module
[APP_SUBMISSION] 2025/08/28 17:16:22.981123 [tool_session_1756415782950255000] WASM module instantiated successfully
[APP_SUBMISSION] 2025/08/28 17:16:22.981129 [tool_session_1756415782950255000] STEP 7: Verifying required WASM functions
[APP_SUBMISSION] 2025/08/28 17:16:22.981139 [tool_session_1756415782950255000] All required WASM functions found
[APP_SUBMISSION] 2025/08/28 17:16:22.981143 [tool_session_1756415782950255000] STEP 8: Preparing input for WASM execution
[APP_SUBMISSION] 2025/08/28 17:16:22.981163 [tool_session_1756415782950255000] Input prepared - Tool: add_food, InputLength: 77, Input: {"data":{"food_name":"hotdog with ketchup","meal":"lunch"},"tool":"add_food"}
[APP_SUBMISSION] 2025/08/28 17:16:22.981170 [tool_session_1756415782950255000] Allocating WASM memory for input (77 bytes)
[APP_SUBMISSION] 2025/08/28 17:16:22.981222 [tool_session_1756415782950255000] Input memory allocated at pointer: 1114120
[APP_SUBMISSION] 2025/08/28 17:16:22.981229 [tool_session_1756415782950255000] Copying input data to WASM memory
[APP_SUBMISSION] 2025/08/28 17:16:22.981236 [tool_session_1756415782950255000] STEP 9: Executing WASM 'run' function
[APP_SUBMISSION] 2025/08/28 17:16:22.981334 [tool_session_1756415782950255000] WASM execution completed successfully in 94.25µs, result length: 63
[APP_SUBMISSION] 2025/08/28 17:16:22.981343 [tool_session_1756415782950255000] STEP 10: Retrieving execution results
[APP_SUBMISSION] 2025/08/28 17:16:22.981349 [tool_session_1756415782950255000] Result pointer: 1114344
[APP_SUBMISSION] 2025/08/28 17:16:22.981352 [tool_session_1756415782950255000] Result retrieved (63 bytes), result is: {"success":false,"data":null,"error":"Missing or invalid date"}
[APP_SUBMISSION] 2025/08/28 17:16:22.981356 [tool_session_1756415782950255000] Cleaning up allocated input memory
[APP_SUBMISSION] 2025/08/28 17:16:22.981373 [tool_session_1756415782950255000] STEP 11: Sending success response
[APP_SUBMISSION] 2025/08/28 17:16:22.981379 [tool_session_1756415782950255000] Response prepared (103 bytes)
[APP_SUBMISSION] 2025/08/28 17:16:22.981385 [tool_session_1756415782950255000] === TOOL EXECUTION COMPLETED SUCCESSFULLY ===
[APP_SUBMISSION] 2025/08/28 17:16:22.981389 [tool_session_1756415782950255000] Total execution time: 148.833µs
[APP_SUBMISSION] 2025/08/28 17:18:12.267606 === NEW TOOL EXECUTION REQUEST [tool_session_1756415892267593000] ===
[APP_SUBMISSION] 2025/08/28 17:18:12.267904 [tool_session_1756415892267593000] Client IP: [::1]:54624
[APP_SUBMISSION] 2025/08/28 17:18:12.267940 [tool_session_1756415892267593000] Request Method: POST
[APP_SUBMISSION] 2025/08/28 17:18:12.267966 [tool_session_1756415892267593000] Request URL: /run_tool
[APP_SUBMISSION] 2025/08/28 17:18:12.267989 [tool_session_1756415892267593000] User-Agent: python-httpx/0.28.1
[APP_SUBMISSION] 2025/08/28 17:18:12.268011 [tool_session_1756415892267593000] Content-Type: application/json
[APP_SUBMISSION] 2025/08/28 17:18:12.268032 [tool_session_1756415892267593000] STEP 1: Parsing tool execution request
[APP_SUBMISSION] 2025/08/28 17:18:12.268119 [tool_session_1756415892267593000] Parsed request - AppID: food-tracker, ToolName: get_foods, InputLength: 2
[APP_SUBMISSION] 2025/08/28 17:18:12.268148 [tool_session_1756415892267593000] STEP 2: Looking up app in registry
[APP_SUBMISSION] 2025/08/28 17:18:12.268170 [tool_session_1756415892267593000] App found - Version: 1.0.0, Runtime: wasm, ArtifactURI: artifacts/food-tracker/1.0.0.wasm
[APP_SUBMISSION] 2025/08/28 17:18:12.268784 [tool_session_1756415892267593000] STEP 3: Loading WASM module from: artifacts/food-tracker/1.0.0.wasm
[APP_SUBMISSION] 2025/08/28 17:18:12.269724 [tool_session_1756415892267593000] WASM module loaded successfully (134151 bytes)
[APP_SUBMISSION] 2025/08/28 17:18:12.269741 [tool_session_1756415892267593000] STEP 4: Compiling WASM module
[APP_SUBMISSION] 2025/08/28 17:18:12.327411 [tool_session_1756415892267593000] WASM module compiled successfully
[APP_SUBMISSION] 2025/08/28 17:18:12.327475 [tool_session_1756415892267593000] STEP 5: Setting up WASM linker and host functions
[APP_SUBMISSION] 2025/08/28 17:18:12.328144 [tool_session_1756415892267593000] STEP 6: Instantiating WASM module
[APP_SUBMISSION] 2025/08/28 17:18:12.328208 [tool_session_1756415892267593000] WASM module instantiated successfully
[APP_SUBMISSION] 2025/08/28 17:18:12.328218 [tool_session_1756415892267593000] STEP 7: Verifying required WASM functions
[APP_SUBMISSION] 2025/08/28 17:18:12.328228 [tool_session_1756415892267593000] All required WASM functions found
[APP_SUBMISSION] 2025/08/28 17:18:12.328232 [tool_session_1756415892267593000] STEP 8: Preparing input for WASM execution
[APP_SUBMISSION] 2025/08/28 17:18:12.328251 [tool_session_1756415892267593000] Input prepared - Tool: get_foods, InputLength: 30, Input: {"data":{},"tool":"get_foods"}
[APP_SUBMISSION] 2025/08/28 17:18:12.328256 [tool_session_1756415892267593000] Allocating WASM memory for input (30 bytes)
[APP_SUBMISSION] 2025/08/28 17:18:12.328306 [tool_session_1756415892267593000] Input memory allocated at pointer: 1114120
[APP_SUBMISSION] 2025/08/28 17:18:12.328313 [tool_session_1756415892267593000] Copying input data to WASM memory
[APP_SUBMISSION] 2025/08/28 17:18:12.328426 [tool_session_1756415892267593000] STEP 9: Executing WASM 'run' function
[APP_SUBMISSION] 2025/08/28 17:18:12.328740 [tool_session_1756415892267593000] WASM execution completed successfully in 310.292µs, result length: 1034
[APP_SUBMISSION] 2025/08/28 17:18:12.328752 [tool_session_1756415892267593000] STEP 10: Retrieving execution results
[APP_SUBMISSION] 2025/08/28 17:18:12.328758 [tool_session_1756415892267593000] Result pointer: 1118280
[APP_SUBMISSION] 2025/08/28 17:18:12.328770 [tool_session_1756415892267593000] Result retrieved (1034 bytes), result is: {"success":true,"data":{"count":5,"foods":[{"calories":0,"carbs":0,"created_at":"2025-08-28T21:15:02Z","date":"2025-08-28","fat":0,"fiber":0,"food_name":"hotdog with ketchup","id":5,"meal":"lunch","protein":0,"sodium":0,"sugar":0},{"calories":0,"carbs":0,"created_at":"2025-08-28T21:09:37Z","date":"2025-08-28","fat":0,"fiber":0,"food_name":"hotdog with ketchup","id":4,"meal":"lunch","protein":0,"sodium":0,"sugar":0},{"calories":290,"carbs":24,"created_at":"2025-08-28T00:58:17Z","date":"2025-08-27","fat":17,"fiber":1.5,"food_name":"Hotdog with ketchup","id":3,"meal":"lunch","protein":10.5,"sodium":1080,"sugar":4},{"calories":290,"carbs":24,"created_at":"2025-08-28T00:58:11Z","date":"2025-08-27","fat":17,"fiber":1.5,"food_name":"Hotdog with ketchup","id":2,"meal":"lunch","protein":10.5,"sodium":1080,"sugar":4},{"calories":290,"carbs":24,"created_at":"2025-08-28T00:58:07Z","date":"2025-08-27","fat":17,"fiber":1.5,"food_name":"Hotdog with ketchup","id":1,"meal":"lunch","protein":10.5,"sodium":1080,"sugar":4}]},"error":null}
[APP_SUBMISSION] 2025/08/28 17:18:12.329117 [tool_session_1756415892267593000] Cleaning up allocated input memory
[APP_SUBMISSION] 2025/08/28 17:18:12.329136 [tool_session_1756415892267593000] STEP 11: Sending success response
[APP_SUBMISSION] 2025/08/28 17:18:12.329156 [tool_session_1756415892267593000] Response prepared (1236 bytes)
[APP_SUBMISSION] 2025/08/28 17:18:12.329177 [tool_session_1756415892267593000] === TOOL EXECUTION COMPLETED SUCCESSFULLY ===
[APP_SUBMISSION] 2025/08/28 17:18:12.329239 [tool_session_1756415892267593000] Total execution time: 809.042µs
[APP_SUBMISSION] 2025/08/28 17:32:48.287468 === App Submission Logger Initialized ===
[APP_SUBMISSION] 2025/08/28 17:34:44.136877 === NEW APP SUBMISSION REQUEST [session_1756416884136866000] ===
[APP_SUBMISSION] 2025/08/28 17:34:44.138123 [session_1756416884136866000] Client IP: [::1]:55241
[APP_SUBMISSION] 2025/08/28 17:34:44.138168 [session_1756416884136866000] Request Method: POST
[APP_SUBMISSION] 2025/08/28 17:34:44.138199 [session_1756416884136866000] Request URL: /submit_app_src
[APP_SUBMISSION] 2025/08/28 17:34:44.138223 [session_1756416884136866000] User-Agent: python-httpx/0.28.1
[APP_SUBMISSION] 2025/08/28 17:34:44.138245 [session_1756416884136866000] Content-Type: application/json
[APP_SUBMISSION] 2025/08/28 17:34:44.138265 [session_1756416884136866000] STEP 1: Parsing request body
[APP_SUBMISSION] 2025/08/28 17:34:44.140032 [session_1756416884136866000] Parsed request: {
  "appId": "food-tracker",
  "appSrcLength": 12088,
  "appSrcPreview": "use serde_json::{json, Value};\nuse std::collections::HashMap;\n\npub struct FoodTrackerApp {\n    // In...",
  "runtime": "wasm",
  "tools": [
    {
      "name": "add_food",
      "inputFormat": "json"
    },
    {
      "name": "get_daily_log",
      "inputFormat": "json"
    },
    {
      "name": "get_meal_log",
      "inputFormat": "json"
    },
    {
      "name": "search_foods",
      "inputFormat": "json"
    },
    {
      "name": "delete_food_entry",
      "inputFormat": "json"
    },
    {
      "name": "get_nutrition_summary",
      "inputFormat": "json"
    },
    {
      "name": "get_recent_foods",
      "inputFormat": "json"
    }
  ],
  "version": "1.0.0"
}
[APP_SUBMISSION] 2025/08/28 17:34:44.140077 [session_1756416884136866000] STEP 2: Validating request fields
[APP_SUBMISSION] 2025/08/28 17:34:44.140095 [session_1756416884136866000] Validation passed - AppID: food-tracker, Version: 1.0.0, Tools: [{add_food json} {get_daily_log json} {get_meal_log json} {search_foods json} {delete_food_entry json} {get_nutrition_summary json} {get_recent_foods json}]
[APP_SUBMISSION] 2025/08/28 17:34:44.140130 [session_1756416884136866000] STEP 3: Checking for existing compiled WASM
[APP_SUBMISSION] 2025/08/28 17:34:44.140157 [session_1756416884136866000] Checking path: artifacts/food-tracker/1.0.0.wasm
[APP_SUBMISSION] 2025/08/28 17:34:44.140341 [session_1756416884136866000] No existing WASM found - proceeding with compilation
[APP_SUBMISSION] 2025/08/28 17:34:44.140363 [session_1756416884136866000] STEP 4: Setting up build directory
[APP_SUBMISSION] 2025/08/28 17:34:44.140379 [session_1756416884136866000] Build directory: build/food-tracker/1.0.0
[APP_SUBMISSION] 2025/08/28 17:34:44.140424 [session_1756416884136866000] Creating build directory: build/food-tracker/1.0.0
[APP_SUBMISSION] 2025/08/28 17:34:44.141079 [session_1756416884136866000] Build directory created successfully
[APP_SUBMISSION] 2025/08/28 17:34:44.141090 [session_1756416884136866000] STEP 5: Generating Rust project from trait implementation
[APP_SUBMISSION] 2025/08/28 17:34:44.142020 [session_1756416884136866000] Rust project generation completed in 922.458µs
[APP_SUBMISSION] 2025/08/28 17:34:44.142039 [session_1756416884136866000] STEP 6: Compiling Rust to WASM
[APP_SUBMISSION] 2025/08/28 17:34:50.579685 [session_1756416884136866000] WASM compilation completed in 6.437649959s
[APP_SUBMISSION] 2025/08/28 17:34:50.579816 [session_1756416884136866000] Compiled WASM path: artifacts/food-tracker/1.0.0.wasm
[APP_SUBMISSION] 2025/08/28 17:34:50.579825 [session_1756416884136866000] STEP 7: Registering app in registry
[APP_SUBMISSION] 2025/08/28 17:34:50.579835 [session_1756416884136866000] App registered successfully. Registry now contains 1 apps
[APP_SUBMISSION] 2025/08/28 17:34:50.579840 [session_1756416884136866000] STEP 8: Saving registry to file
[APP_SUBMISSION] 2025/08/28 17:34:50.580122 [session_1756416884136866000] Registry saved successfully
[APP_SUBMISSION] 2025/08/28 17:34:50.580128 [session_1756416884136866000] STEP 9: Sending success response
[APP_SUBMISSION] 2025/08/28 17:34:50.580150 [session_1756416884136866000] Response: {"status":"app trait implementation submitted and compiled","wasmPath":"artifacts/food-tracker/1.0.0.wasm"}
[APP_SUBMISSION] 2025/08/28 17:34:50.580158 [session_1756416884136866000] === APP SUBMISSION COMPLETED SUCCESSFULLY ===
[APP_SUBMISSION] 2025/08/28 17:34:50.580163 [session_1756416884136866000] Total processing time: 6.438129334s
[APP_SUBMISSION] 2025/08/28 17:40:52.158675 === App Submission Logger Initialized ===
[APP_SUBMISSION] 2025/08/28 17:42:28.327025 === NEW APP SUBMISSION REQUEST [session_1756417348327010000] ===
[APP_SUBMISSION] 2025/08/28 17:42:28.327319 [session_1756417348327010000] Client IP: [::1]:55397
[APP_SUBMISSION] 2025/08/28 17:42:28.327345 [session_1756417348327010000] Request Method: POST
[APP_SUBMISSION] 2025/08/28 17:42:28.327362 [session_1756417348327010000] Request URL: /submit_app_src
[APP_SUBMISSION] 2025/08/28 17:42:28.327375 [session_1756417348327010000] User-Agent: python-httpx/0.28.1
[APP_SUBMISSION] 2025/08/28 17:42:28.327386 [session_1756417348327010000] Content-Type: application/json
[APP_SUBMISSION] 2025/08/28 17:42:28.327397 [session_1756417348327010000] STEP 1: Parsing request body
[APP_SUBMISSION] 2025/08/28 17:42:28.329195 [session_1756417348327010000] Parsed request: {
  "appId": "food-tracker",
  "appSrcLength": 15042,
  "appSrcPreview": "use serde_json::{json, Value};\n\nstruct FoodTracker {\n    initialized: bool,\n}\n\nimpl FoodTracker {\n  ...",
  "runtime": "wasm",
  "tools": [
    {
      "name": "log_food",
      "inputFormat": "{\"food_name\": \"string\", \"meal\": \"string\", \"date\": \"string\", \"calories\": \"number\", \"protein\": \"number?\", \"carbs\": \"number?\", \"fat\": \"number?\", \"fiber\": \"number?\", \"sugar\": \"number?\", \"sodium\": \"number?\", \"serving_size\": \"string?\"}"
    },
    {
      "name": "get_daily_log",
      "inputFormat": "{\"date\": \"string\"}"
    },
    {
      "name": "get_meal_history",
      "inputFormat": "{\"meal\": \"string?\", \"days\": \"number?\"}"
    },
    {
      "name": "search_foods",
      "inputFormat": "{\"food_name\": \"string\"}"
    },
    {
      "name": "get_nutrition_summary",
      "inputFormat": "{\"start_date\": \"string\", \"end_date\": \"string\"}"
    },
    {
      "name": "delete_food_entry",
      "inputFormat": "{\"entry_id\": \"number\"}"
    }
  ],
  "version": "1.0.0"
}
[APP_SUBMISSION] 2025/08/28 17:42:28.329273 [session_1756417348327010000] STEP 2: Validating request fields
[APP_SUBMISSION] 2025/08/28 17:42:28.329291 [session_1756417348327010000] Validation passed - AppID: food-tracker, Version: 1.0.0, Tools: [{log_food {"food_name": "string", "meal": "string", "date": "string", "calories": "number", "protein": "number?", "carbs": "number?", "fat": "number?", "fiber": "number?", "sugar": "number?", "sodium": "number?", "serving_size": "string?"}} {get_daily_log {"date": "string"}} {get_meal_history {"meal": "string?", "days": "number?"}} {search_foods {"food_name": "string"}} {get_nutrition_summary {"start_date": "string", "end_date": "string"}} {delete_food_entry {"entry_id": "number"}}]
[APP_SUBMISSION] 2025/08/28 17:42:28.329337 [session_1756417348327010000] STEP 3: Checking for existing compiled WASM
[APP_SUBMISSION] 2025/08/28 17:42:28.329351 [session_1756417348327010000] Checking path: artifacts/food-tracker/1.0.0.wasm
[APP_SUBMISSION] 2025/08/28 17:42:28.329540 [session_1756417348327010000] No existing WASM found - proceeding with compilation
[APP_SUBMISSION] 2025/08/28 17:42:28.329558 [session_1756417348327010000] STEP 4: Setting up build directory
[APP_SUBMISSION] 2025/08/28 17:42:28.329569 [session_1756417348327010000] Build directory: build/food-tracker/1.0.0
[APP_SUBMISSION] 2025/08/28 17:42:28.329587 [session_1756417348327010000] Creating build directory: build/food-tracker/1.0.0
[APP_SUBMISSION] 2025/08/28 17:42:28.330158 [session_1756417348327010000] Build directory created successfully
[APP_SUBMISSION] 2025/08/28 17:42:28.330173 [session_1756417348327010000] STEP 5: Generating Rust project from trait implementation
[APP_SUBMISSION] 2025/08/28 17:42:28.331250 [session_1756417348327010000] Rust project generation completed in 1.065541ms
[APP_SUBMISSION] 2025/08/28 17:42:28.331268 [session_1756417348327010000] STEP 6: Compiling Rust to WASM
[APP_SUBMISSION] 2025/08/28 17:42:35.145209 [session_1756417348327010000] WASM compilation completed in 6.813936458s
[APP_SUBMISSION] 2025/08/28 17:42:35.145339 [session_1756417348327010000] Compiled WASM path: artifacts/food-tracker/1.0.0.wasm
[APP_SUBMISSION] 2025/08/28 17:42:35.145350 [session_1756417348327010000] STEP 7: Registering app in registry
[APP_SUBMISSION] 2025/08/28 17:42:35.145358 [session_1756417348327010000] App registered successfully. Registry now contains 1 apps
[APP_SUBMISSION] 2025/08/28 17:42:35.145363 [session_1756417348327010000] STEP 8: Saving registry to file
[APP_SUBMISSION] 2025/08/28 17:42:35.145729 [session_1756417348327010000] Registry saved successfully
[APP_SUBMISSION] 2025/08/28 17:42:35.145736 [session_1756417348327010000] STEP 9: Sending success response
[APP_SUBMISSION] 2025/08/28 17:42:35.145748 [session_1756417348327010000] Response: {"status":"app trait implementation submitted and compiled","wasmPath":"artifacts/food-tracker/1.0.0.wasm"}
[APP_SUBMISSION] 2025/08/28 17:42:35.145762 [session_1756417348327010000] === APP SUBMISSION COMPLETED SUCCESSFULLY ===
[APP_SUBMISSION] 2025/08/28 17:42:35.145766 [session_1756417348327010000] Total processing time: 6.814498875s
[APP_SUBMISSION] 2025/08/28 17:43:39.938878 === NEW TOOL EXECUTION REQUEST [tool_session_1756417419938857000] ===
[APP_SUBMISSION] 2025/08/28 17:43:39.940180 [tool_session_1756417419938857000] Client IP: [::1]:55412
[APP_SUBMISSION] 2025/08/28 17:43:39.940208 [tool_session_1756417419938857000] Request Method: POST
[APP_SUBMISSION] 2025/08/28 17:43:39.940231 [tool_session_1756417419938857000] Request URL: /run_tool
[APP_SUBMISSION] 2025/08/28 17:43:39.940249 [tool_session_1756417419938857000] User-Agent: python-httpx/0.28.1
[APP_SUBMISSION] 2025/08/28 17:43:39.940266 [tool_session_1756417419938857000] Content-Type: application/json
[APP_SUBMISSION] 2025/08/28 17:43:39.940281 [tool_session_1756417419938857000] STEP 1: Parsing tool execution request
[APP_SUBMISSION] 2025/08/28 17:43:39.940437 [tool_session_1756417419938857000] Parsed request - AppID: food-tracker, ToolName: log_food, InputLength: 201
[APP_SUBMISSION] 2025/08/28 17:43:39.940477 [tool_session_1756417419938857000] STEP 2: Looking up app in registry
[APP_SUBMISSION] 2025/08/28 17:43:39.940497 [tool_session_1756417419938857000] App found - Version: 1.0.0, Runtime: wasm, ArtifactURI: artifacts/food-tracker/1.0.0.wasm
[APP_SUBMISSION] 2025/08/28 17:43:39.945741 [tool_session_1756417419938857000] Tool 'log_food' found with input format: {"food_name": "string", "meal": "string", "date": "string", "calories": "number", "protein": "number?", "carbs": "number?", "fat": "number?", "fiber": "number?", "sugar": "number?", "sodium": "number?", "serving_size": "string?"}
[APP_SUBMISSION] 2025/08/28 17:43:39.945766 [tool_session_1756417419938857000] STEP 3: Loading WASM module from: artifacts/food-tracker/1.0.0.wasm
[APP_SUBMISSION] 2025/08/28 17:43:39.946301 [tool_session_1756417419938857000] WASM module loaded successfully (154490 bytes)
[APP_SUBMISSION] 2025/08/28 17:43:39.946330 [tool_session_1756417419938857000] STEP 4: Compiling WASM module
[APP_SUBMISSION] 2025/08/28 17:43:40.008195 [tool_session_1756417419938857000] WASM module compiled successfully
[APP_SUBMISSION] 2025/08/28 17:43:40.008229 [tool_session_1756417419938857000] STEP 5: Setting up WASM linker and host functions
[APP_SUBMISSION] 2025/08/28 17:43:40.010005 [tool_session_1756417419938857000] STEP 6: Instantiating WASM module
[APP_SUBMISSION] 2025/08/28 17:43:40.010133 [tool_session_1756417419938857000] WASM module instantiated successfully
[APP_SUBMISSION] 2025/08/28 17:43:40.010142 [tool_session_1756417419938857000] STEP 7: Verifying required WASM functions
[APP_SUBMISSION] 2025/08/28 17:43:40.010163 [tool_session_1756417419938857000] All required WASM functions found
[APP_SUBMISSION] 2025/08/28 17:43:40.010169 [tool_session_1756417419938857000] STEP 8: Preparing input for WASM execution
[APP_SUBMISSION] 2025/08/28 17:43:40.010193 [tool_session_1756417419938857000] Input prepared - Tool: log_food, InputLength: 228, Input: {"data":{"food_name":"Hot dog with ketchup","meal":"lunch","date":"2025-08-28","calories":350,"protein":12,"carbs":28,"fat":22,"fiber":2,"sugar":6,"sodium":1200,"serving_size":"1 hot dog with bun and ketchup"},"tool":"log_food"}
[APP_SUBMISSION] 2025/08/28 17:43:40.010200 [tool_session_1756417419938857000] Allocating WASM memory for input (228 bytes)
[APP_SUBMISSION] 2025/08/28 17:43:40.010429 [tool_session_1756417419938857000] Input memory allocated at pointer: 1114120
[APP_SUBMISSION] 2025/08/28 17:43:40.010436 [tool_session_1756417419938857000] Copying input data to WASM memory
[APP_SUBMISSION] 2025/08/28 17:43:40.010442 [tool_session_1756417419938857000] STEP 9: Executing WASM 'run' function
[APP_SUBMISSION] 2025/08/28 17:43:40.015906 [tool_session_1756417419938857000] WASM execution completed successfully in 5.4605ms, result length: 138
[APP_SUBMISSION] 2025/08/28 17:43:40.015924 [tool_session_1756417419938857000] STEP 10: Retrieving execution results
[APP_SUBMISSION] 2025/08/28 17:43:40.015931 [tool_session_1756417419938857000] Result pointer: 1114352
[APP_SUBMISSION] 2025/08/28 17:43:40.015937 [tool_session_1756417419938857000] Result retrieved (138 bytes), result is: {"success":false,"data":null,"error":"Failed to log food: JSON parsing error: invalid type: null, expected a sequence at line 1 column 4"}
[APP_SUBMISSION] 2025/08/28 17:43:40.015940 [tool_session_1756417419938857000] Cleaning up allocated input memory
[APP_SUBMISSION] 2025/08/28 17:43:40.015946 [tool_session_1756417419938857000] STEP 11: Sending success response
[APP_SUBMISSION] 2025/08/28 17:43:40.015953 [tool_session_1756417419938857000] Response prepared (178 bytes)
[APP_SUBMISSION] 2025/08/28 17:43:40.015958 [tool_session_1756417419938857000] === TOOL EXECUTION COMPLETED SUCCESSFULLY ===
[APP_SUBMISSION] 2025/08/28 17:43:40.015962 [tool_session_1756417419938857000] Total execution time: 5.516167ms
[APP_SUBMISSION] 2025/08/28 17:43:46.566116 === NEW TOOL EXECUTION REQUEST [tool_session_1756417426566065000] ===
[APP_SUBMISSION] 2025/08/28 17:43:46.566208 [tool_session_1756417426566065000] Client IP: [::1]:55413
[APP_SUBMISSION] 2025/08/28 17:43:46.566235 [tool_session_1756417426566065000] Request Method: POST
[APP_SUBMISSION] 2025/08/28 17:43:46.566255 [tool_session_1756417426566065000] Request URL: /run_tool
[APP_SUBMISSION] 2025/08/28 17:43:46.566312 [tool_session_1756417426566065000] User-Agent: python-httpx/0.28.1
[APP_SUBMISSION] 2025/08/28 17:43:46.566331 [tool_session_1756417426566065000] Content-Type: application/json
[APP_SUBMISSION] 2025/08/28 17:43:46.566348 [tool_session_1756417426566065000] STEP 1: Parsing tool execution request
[APP_SUBMISSION] 2025/08/28 17:43:46.566434 [tool_session_1756417426566065000] Parsed request - AppID: food-tracker, ToolName: log_food, InputLength: 201
[APP_SUBMISSION] 2025/08/28 17:43:46.566462 [tool_session_1756417426566065000] STEP 2: Looking up app in registry
[APP_SUBMISSION] 2025/08/28 17:43:46.566480 [tool_session_1756417426566065000] App found - Version: 1.0.0, Runtime: wasm, ArtifactURI: artifacts/food-tracker/1.0.0.wasm
[APP_SUBMISSION] 2025/08/28 17:43:46.566498 [tool_session_1756417426566065000] Tool 'log_food' found with input format: {"food_name": "string", "meal": "string", "date": "string", "calories": "number", "protein": "number?", "carbs": "number?", "fat": "number?", "fiber": "number?", "sugar": "number?", "sodium": "number?", "serving_size": "string?"}
[APP_SUBMISSION] 2025/08/28 17:43:46.566520 [tool_session_1756417426566065000] STEP 3: Loading WASM module from: artifacts/food-tracker/1.0.0.wasm
[APP_SUBMISSION] 2025/08/28 17:43:46.566775 [tool_session_1756417426566065000] WASM module loaded successfully (154490 bytes)
[APP_SUBMISSION] 2025/08/28 17:43:46.566805 [tool_session_1756417426566065000] STEP 4: Compiling WASM module
[APP_SUBMISSION] 2025/08/28 17:43:46.597903 [tool_session_1756417426566065000] WASM module compiled successfully
[APP_SUBMISSION] 2025/08/28 17:43:46.597958 [tool_session_1756417426566065000] STEP 5: Setting up WASM linker and host functions
[APP_SUBMISSION] 2025/08/28 17:43:46.598423 [tool_session_1756417426566065000] STEP 6: Instantiating WASM module
[APP_SUBMISSION] 2025/08/28 17:43:46.598470 [tool_session_1756417426566065000] WASM module instantiated successfully
[APP_SUBMISSION] 2025/08/28 17:43:46.598478 [tool_session_1756417426566065000] STEP 7: Verifying required WASM functions
[APP_SUBMISSION] 2025/08/28 17:43:46.598488 [tool_session_1756417426566065000] All required WASM functions found
[APP_SUBMISSION] 2025/08/28 17:43:46.598492 [tool_session_1756417426566065000] STEP 8: Preparing input for WASM execution
[APP_SUBMISSION] 2025/08/28 17:43:46.598509 [tool_session_1756417426566065000] Input prepared - Tool: log_food, InputLength: 228, Input: {"data":{"food_name":"Hot dog with ketchup","meal":"lunch","date":"2025-08-28","calories":350,"protein":12,"carbs":28,"fat":22,"fiber":2,"sugar":6,"sodium":1200,"serving_size":"1 hot dog with bun and ketchup"},"tool":"log_food"}
[APP_SUBMISSION] 2025/08/28 17:43:46.598514 [tool_session_1756417426566065000] Allocating WASM memory for input (228 bytes)
[APP_SUBMISSION] 2025/08/28 17:43:46.598565 [tool_session_1756417426566065000] Input memory allocated at pointer: 1114120
[APP_SUBMISSION] 2025/08/28 17:43:46.598572 [tool_session_1756417426566065000] Copying input data to WASM memory
[APP_SUBMISSION] 2025/08/28 17:43:46.598578 [tool_session_1756417426566065000] STEP 9: Executing WASM 'run' function
[APP_SUBMISSION] 2025/08/28 17:43:46.598839 [tool_session_1756417426566065000] WASM execution completed successfully in 257.041µs, result length: 138
[APP_SUBMISSION] 2025/08/28 17:43:46.598847 [tool_session_1756417426566065000] STEP 10: Retrieving execution results
[APP_SUBMISSION] 2025/08/28 17:43:46.598852 [tool_session_1756417426566065000] Result pointer: 1114352
[APP_SUBMISSION] 2025/08/28 17:43:46.598856 [tool_session_1756417426566065000] Result retrieved (138 bytes), result is: {"success":false,"data":null,"error":"Failed to log food: JSON parsing error: invalid type: null, expected a sequence at line 1 column 4"}
[APP_SUBMISSION] 2025/08/28 17:43:46.598860 [tool_session_1756417426566065000] Cleaning up allocated input memory
[APP_SUBMISSION] 2025/08/28 17:43:46.598865 [tool_session_1756417426566065000] STEP 11: Sending success response
[APP_SUBMISSION] 2025/08/28 17:43:46.598870 [tool_session_1756417426566065000] Response prepared (178 bytes)
[APP_SUBMISSION] 2025/08/28 17:43:46.598886 [tool_session_1756417426566065000] === TOOL EXECUTION COMPLETED SUCCESSFULLY ===
[APP_SUBMISSION] 2025/08/28 17:43:46.598890 [tool_session_1756417426566065000] Total execution time: 308.041µs
[APP_SUBMISSION] 2025/08/28 17:43:50.029414 === NEW TOOL EXECUTION REQUEST [tool_session_1756417430029409000] ===
[APP_SUBMISSION] 2025/08/28 17:43:50.029655 [tool_session_1756417430029409000] Client IP: [::1]:55414
[APP_SUBMISSION] 2025/08/28 17:43:50.029702 [tool_session_1756417430029409000] Request Method: POST
[APP_SUBMISSION] 2025/08/28 17:43:50.029728 [tool_session_1756417430029409000] Request URL: /run_tool
[APP_SUBMISSION] 2025/08/28 17:43:50.029753 [tool_session_1756417430029409000] User-Agent: python-httpx/0.28.1
[APP_SUBMISSION] 2025/08/28 17:43:50.029775 [tool_session_1756417430029409000] Content-Type: application/json
[APP_SUBMISSION] 2025/08/28 17:43:50.029798 [tool_session_1756417430029409000] STEP 1: Parsing tool execution request
[APP_SUBMISSION] 2025/08/28 17:43:50.029868 [tool_session_1756417430029409000] Parsed request - AppID: food-tracker, ToolName: log_food, InputLength: 86
[APP_SUBMISSION] 2025/08/28 17:43:50.029898 [tool_session_1756417430029409000] STEP 2: Looking up app in registry
[APP_SUBMISSION] 2025/08/28 17:43:50.029923 [tool_session_1756417430029409000] App found - Version: 1.0.0, Runtime: wasm, ArtifactURI: artifacts/food-tracker/1.0.0.wasm
[APP_SUBMISSION] 2025/08/28 17:43:50.029945 [tool_session_1756417430029409000] Tool 'log_food' found with input format: {"food_name": "string", "meal": "string", "date": "string", "calories": "number", "protein": "number?", "carbs": "number?", "fat": "number?", "fiber": "number?", "sugar": "number?", "sodium": "number?", "serving_size": "string?"}
[APP_SUBMISSION] 2025/08/28 17:43:50.029967 [tool_session_1756417430029409000] STEP 3: Loading WASM module from: artifacts/food-tracker/1.0.0.wasm
[APP_SUBMISSION] 2025/08/28 17:43:50.030234 [tool_session_1756417430029409000] WASM module loaded successfully (154490 bytes)
[APP_SUBMISSION] 2025/08/28 17:43:50.030273 [tool_session_1756417430029409000] STEP 4: Compiling WASM module
[APP_SUBMISSION] 2025/08/28 17:43:50.072098 [tool_session_1756417430029409000] WASM module compiled successfully
[APP_SUBMISSION] 2025/08/28 17:43:50.072318 [tool_session_1756417430029409000] STEP 5: Setting up WASM linker and host functions
[APP_SUBMISSION] 2025/08/28 17:43:50.073693 [tool_session_1756417430029409000] STEP 6: Instantiating WASM module
[APP_SUBMISSION] 2025/08/28 17:43:50.073775 [tool_session_1756417430029409000] WASM module instantiated successfully
[APP_SUBMISSION] 2025/08/28 17:43:50.073789 [tool_session_1756417430029409000] STEP 7: Verifying required WASM functions
[APP_SUBMISSION] 2025/08/28 17:43:50.073802 [tool_session_1756417430029409000] All required WASM functions found
[APP_SUBMISSION] 2025/08/28 17:43:50.073809 [tool_session_1756417430029409000] STEP 8: Preparing input for WASM execution
[APP_SUBMISSION] 2025/08/28 17:43:50.073835 [tool_session_1756417430029409000] Input prepared - Tool: log_food, InputLength: 113, Input: {"data":{"food_name":"Hot dog with ketchup","meal":"lunch","date":"2025-08-28","calories":350},"tool":"log_food"}
[APP_SUBMISSION] 2025/08/28 17:43:50.073844 [tool_session_1756417430029409000] Allocating WASM memory for input (113 bytes)
[APP_SUBMISSION] 2025/08/28 17:43:50.073877 [tool_session_1756417430029409000] Input memory allocated at pointer: 1114120
[APP_SUBMISSION] 2025/08/28 17:43:50.073884 [tool_session_1756417430029409000] Copying input data to WASM memory
[APP_SUBMISSION] 2025/08/28 17:43:50.073897 [tool_session_1756417430029409000] STEP 9: Executing WASM 'run' function
[APP_SUBMISSION] 2025/08/28 17:43:50.074331 [tool_session_1756417430029409000] WASM execution completed successfully in 428.542µs, result length: 138
[APP_SUBMISSION] 2025/08/28 17:43:50.074352 [tool_session_1756417430029409000] STEP 10: Retrieving execution results
[APP_SUBMISSION] 2025/08/28 17:43:50.074362 [tool_session_1756417430029409000] Result pointer: 1114240
[APP_SUBMISSION] 2025/08/28 17:43:50.074381 [tool_session_1756417430029409000] Result retrieved (138 bytes), result is: {"success":false,"data":null,"error":"Failed to log food: JSON parsing error: invalid type: null, expected a sequence at line 1 column 4"}
[APP_SUBMISSION] 2025/08/28 17:43:50.074388 [tool_session_1756417430029409000] Cleaning up allocated input memory
[APP_SUBMISSION] 2025/08/28 17:43:50.074395 [tool_session_1756417430029409000] STEP 11: Sending success response
[APP_SUBMISSION] 2025/08/28 17:43:50.074404 [tool_session_1756417430029409000] Response prepared (178 bytes)
[APP_SUBMISSION] 2025/08/28 17:43:50.074412 [tool_session_1756417430029409000] === TOOL EXECUTION COMPLETED SUCCESSFULLY ===
[APP_SUBMISSION] 2025/08/28 17:43:50.074416 [tool_session_1756417430029409000] Total execution time: 513.542µs
[APP_SUBMISSION] 2025/08/28 17:44:20.769043 === NEW APP SUBMISSION REQUEST [session_1756417460769029000] ===
[APP_SUBMISSION] 2025/08/28 17:44:20.770232 [session_1756417460769029000] Client IP: [::1]:55418
[APP_SUBMISSION] 2025/08/28 17:44:20.770264 [session_1756417460769029000] Request Method: POST
[APP_SUBMISSION] 2025/08/28 17:44:20.770285 [session_1756417460769029000] Request URL: /submit_app_src
[APP_SUBMISSION] 2025/08/28 17:44:20.770304 [session_1756417460769029000] User-Agent: python-httpx/0.28.1
[APP_SUBMISSION] 2025/08/28 17:44:20.770322 [session_1756417460769029000] Content-Type: application/json
[APP_SUBMISSION] 2025/08/28 17:44:20.770338 [session_1756417460769029000] STEP 1: Parsing request body
[APP_SUBMISSION] 2025/08/28 17:44:20.770847 [session_1756417460769029000] Parsed request: {
  "appId": "food-tracker-fixed",
  "appSrcLength": 8897,
  "appSrcPreview": "use serde_json::{json, Value};\n\nstruct FoodTracker {\n    initialized: bool,\n}\n\nimpl FoodTracker {\n  ...",
  "runtime": "wasm",
  "tools": [
    {
      "name": "log_food",
      "inputFormat": "{\"food_name\": \"string\", \"meal\": \"string\", \"date\": \"string\", \"calories\": \"number\", \"protein\": \"number?\", \"carbs\": \"number?\", \"fat\": \"number?\", \"fiber\": \"number?\", \"sugar\": \"number?\", \"sodium\": \"number?\", \"serving_size\": \"string?\"}"
    },
    {
      "name": "get_daily_log",
      "inputFormat": "{\"date\": \"string\"}"
    },
    {
      "name": "search_foods",
      "inputFormat": "{\"food_name\": \"string\"}"
    }
  ],
  "version": "1.0.1"
}
[APP_SUBMISSION] 2025/08/28 17:44:20.770889 [session_1756417460769029000] STEP 2: Validating request fields
[APP_SUBMISSION] 2025/08/28 17:44:20.770908 [session_1756417460769029000] Validation passed - AppID: food-tracker-fixed, Version: 1.0.1, Tools: [{log_food {"food_name": "string", "meal": "string", "date": "string", "calories": "number", "protein": "number?", "carbs": "number?", "fat": "number?", "fiber": "number?", "sugar": "number?", "sodium": "number?", "serving_size": "string?"}} {get_daily_log {"date": "string"}} {search_foods {"food_name": "string"}}]
[APP_SUBMISSION] 2025/08/28 17:44:20.770935 [session_1756417460769029000] STEP 3: Checking for existing compiled WASM
[APP_SUBMISSION] 2025/08/28 17:44:20.770955 [session_1756417460769029000] Checking path: artifacts/food-tracker-fixed/1.0.1.wasm
[APP_SUBMISSION] 2025/08/28 17:44:20.770996 [session_1756417460769029000] No existing WASM found - proceeding with compilation
[APP_SUBMISSION] 2025/08/28 17:44:20.771012 [session_1756417460769029000] STEP 4: Setting up build directory
[APP_SUBMISSION] 2025/08/28 17:44:20.771026 [session_1756417460769029000] Build directory: build/food-tracker-fixed/1.0.1
[APP_SUBMISSION] 2025/08/28 17:44:20.771051 [session_1756417460769029000] Creating build directory: build/food-tracker-fixed/1.0.1
[APP_SUBMISSION] 2025/08/28 17:44:20.771529 [session_1756417460769029000] Build directory created successfully
[APP_SUBMISSION] 2025/08/28 17:44:20.771555 [session_1756417460769029000] STEP 5: Generating Rust project from trait implementation
[APP_SUBMISSION] 2025/08/28 17:44:20.772765 [session_1756417460769029000] Rust project generation completed in 1.192625ms
[APP_SUBMISSION] 2025/08/28 17:44:20.772797 [session_1756417460769029000] STEP 6: Compiling Rust to WASM
[APP_SUBMISSION] 2025/08/28 17:44:27.071524 [session_1756417460769029000] WASM compilation completed in 6.298722209s
[APP_SUBMISSION] 2025/08/28 17:44:27.071572 [session_1756417460769029000] Compiled WASM path: artifacts/food-tracker-fixed/1.0.1.wasm
[APP_SUBMISSION] 2025/08/28 17:44:27.071578 [session_1756417460769029000] STEP 7: Registering app in registry
[APP_SUBMISSION] 2025/08/28 17:44:27.071589 [session_1756417460769029000] App registered successfully. Registry now contains 2 apps
[APP_SUBMISSION] 2025/08/28 17:44:27.071594 [session_1756417460769029000] STEP 8: Saving registry to file
[APP_SUBMISSION] 2025/08/28 17:44:27.071836 [session_1756417460769029000] Registry saved successfully
[APP_SUBMISSION] 2025/08/28 17:44:27.071842 [session_1756417460769029000] STEP 9: Sending success response
[APP_SUBMISSION] 2025/08/28 17:44:27.071852 [session_1756417460769029000] Response: {"status":"app trait implementation submitted and compiled","wasmPath":"artifacts/food-tracker-fixed/1.0.1.wasm"}
[APP_SUBMISSION] 2025/08/28 17:44:27.071861 [session_1756417460769029000] === APP SUBMISSION COMPLETED SUCCESSFULLY ===
[APP_SUBMISSION] 2025/08/28 17:44:27.071865 [session_1756417460769029000] Total processing time: 6.29906625s
[APP_SUBMISSION] 2025/08/28 17:44:32.396318 === NEW TOOL EXECUTION REQUEST [tool_session_1756417472396312000] ===
[APP_SUBMISSION] 2025/08/28 17:44:32.396436 [tool_session_1756417472396312000] Client IP: [::1]:55421
[APP_SUBMISSION] 2025/08/28 17:44:32.396468 [tool_session_1756417472396312000] Request Method: POST
[APP_SUBMISSION] 2025/08/28 17:44:32.396493 [tool_session_1756417472396312000] Request URL: /run_tool
[APP_SUBMISSION] 2025/08/28 17:44:32.396515 [tool_session_1756417472396312000] User-Agent: python-httpx/0.28.1
[APP_SUBMISSION] 2025/08/28 17:44:32.396538 [tool_session_1756417472396312000] Content-Type: application/json
[APP_SUBMISSION] 2025/08/28 17:44:32.396559 [tool_session_1756417472396312000] STEP 1: Parsing tool execution request
[APP_SUBMISSION] 2025/08/28 17:44:32.396641 [tool_session_1756417472396312000] Parsed request - AppID: food-tracker-fixed, ToolName: log_food, InputLength: 201
[APP_SUBMISSION] 2025/08/28 17:44:32.396674 [tool_session_1756417472396312000] STEP 2: Looking up app in registry
[APP_SUBMISSION] 2025/08/28 17:44:32.396696 [tool_session_1756417472396312000] App found - Version: 1.0.1, Runtime: wasm, ArtifactURI: artifacts/food-tracker-fixed/1.0.1.wasm
[APP_SUBMISSION] 2025/08/28 17:44:32.396719 [tool_session_1756417472396312000] Tool 'log_food' found with input format: {"food_name": "string", "meal": "string", "date": "string", "calories": "number", "protein": "number?", "carbs": "number?", "fat": "number?", "fiber": "number?", "sugar": "number?", "sodium": "number?", "serving_size": "string?"}
[APP_SUBMISSION] 2025/08/28 17:44:32.396741 [tool_session_1756417472396312000] STEP 3: Loading WASM module from: artifacts/food-tracker-fixed/1.0.1.wasm
[APP_SUBMISSION] 2025/08/28 17:44:32.397175 [tool_session_1756417472396312000] WASM module loaded successfully (164306 bytes)
[APP_SUBMISSION] 2025/08/28 17:44:32.397212 [tool_session_1756417472396312000] STEP 4: Compiling WASM module
[APP_SUBMISSION] 2025/08/28 17:44:32.430375 [tool_session_1756417472396312000] WASM module compiled successfully
[APP_SUBMISSION] 2025/08/28 17:44:32.430433 [tool_session_1756417472396312000] STEP 5: Setting up WASM linker and host functions
[APP_SUBMISSION] 2025/08/28 17:44:32.430837 [tool_session_1756417472396312000] STEP 6: Instantiating WASM module
[APP_SUBMISSION] 2025/08/28 17:44:32.430888 [tool_session_1756417472396312000] WASM module instantiated successfully
[APP_SUBMISSION] 2025/08/28 17:44:32.430896 [tool_session_1756417472396312000] STEP 7: Verifying required WASM functions
[APP_SUBMISSION] 2025/08/28 17:44:32.430906 [tool_session_1756417472396312000] All required WASM functions found
[APP_SUBMISSION] 2025/08/28 17:44:32.430911 [tool_session_1756417472396312000] STEP 8: Preparing input for WASM execution
[APP_SUBMISSION] 2025/08/28 17:44:32.430938 [tool_session_1756417472396312000] Input prepared - Tool: log_food, InputLength: 228, Input: {"data":{"food_name":"Hot dog with ketchup","meal":"lunch","date":"2025-08-28","calories":350,"protein":12,"carbs":28,"fat":22,"fiber":2,"sugar":6,"sodium":1200,"serving_size":"1 hot dog with bun and ketchup"},"tool":"log_food"}
[APP_SUBMISSION] 2025/08/28 17:44:32.430945 [tool_session_1756417472396312000] Allocating WASM memory for input (228 bytes)
[APP_SUBMISSION] 2025/08/28 17:44:32.430969 [tool_session_1756417472396312000] Input memory allocated at pointer: 1114120
[APP_SUBMISSION] 2025/08/28 17:44:32.430974 [tool_session_1756417472396312000] Copying input data to WASM memory
[APP_SUBMISSION] 2025/08/28 17:44:32.430980 [tool_session_1756417472396312000] STEP 9: Executing WASM 'run' function
[APP_SUBMISSION] 2025/08/28 17:44:32.431602 [tool_session_1756417472396312000] WASM execution completed successfully in 618.458µs, result length: 203
[APP_SUBMISSION] 2025/08/28 17:44:32.431610 [tool_session_1756417472396312000] STEP 10: Retrieving execution results
[APP_SUBMISSION] 2025/08/28 17:44:32.431618 [tool_session_1756417472396312000] Result pointer: 1114352
[APP_SUBMISSION] 2025/08/28 17:44:32.431621 [tool_session_1756417472396312000] Result retrieved (203 bytes), result is: {"success":true,"data":{"calories":350.0,"date":"2025-08-28","food_name":"Hot dog with ketchup","meal":"lunch","message":"Successfully logged Hot dog with ketchup for lunch","success":true},"error":null}
[APP_SUBMISSION] 2025/08/28 17:44:32.431624 [tool_session_1756417472396312000] Cleaning up allocated input memory
[APP_SUBMISSION] 2025/08/28 17:44:32.431629 [tool_session_1756417472396312000] STEP 11: Sending success response
[APP_SUBMISSION] 2025/08/28 17:44:32.431638 [tool_session_1756417472396312000] Response prepared (261 bytes)
[APP_SUBMISSION] 2025/08/28 17:44:32.431645 [tool_session_1756417472396312000] === TOOL EXECUTION COMPLETED SUCCESSFULLY ===
[APP_SUBMISSION] 2025/08/28 17:44:32.431648 [tool_session_1756417472396312000] Total execution time: 664.125µs
[APP_SUBMISSION] 2025/08/28 17:49:40.952802 === NEW TOOL EXECUTION REQUEST [tool_session_1756417780951655000] ===
[APP_SUBMISSION] 2025/08/28 17:49:40.954158 [tool_session_1756417780951655000] Client IP: [::1]:55466
[APP_SUBMISSION] 2025/08/28 17:49:40.954181 [tool_session_1756417780951655000] Request Method: POST
[APP_SUBMISSION] 2025/08/28 17:49:40.954213 [tool_session_1756417780951655000] Request URL: /run_tool
[APP_SUBMISSION] 2025/08/28 17:49:40.954225 [tool_session_1756417780951655000] User-Agent: python-httpx/0.28.1
[APP_SUBMISSION] 2025/08/28 17:49:40.954234 [tool_session_1756417780951655000] Content-Type: application/json
[APP_SUBMISSION] 2025/08/28 17:49:40.954242 [tool_session_1756417780951655000] STEP 1: Parsing tool execution request
[APP_SUBMISSION] 2025/08/28 17:49:40.955046 [tool_session_1756417780951655000] Parsed request - AppID: food-tracker-fixed, ToolName: get_daily_log, InputLength: 21
[APP_SUBMISSION] 2025/08/28 17:49:40.955097 [tool_session_1756417780951655000] STEP 2: Looking up app in registry
[APP_SUBMISSION] 2025/08/28 17:49:40.955113 [tool_session_1756417780951655000] App found - Version: 1.0.1, Runtime: wasm, ArtifactURI: artifacts/food-tracker-fixed/1.0.1.wasm
[APP_SUBMISSION] 2025/08/28 17:49:40.955278 [tool_session_1756417780951655000] Tool 'get_daily_log' found with input format: {"date": "string"}
[APP_SUBMISSION] 2025/08/28 17:49:40.955293 [tool_session_1756417780951655000] STEP 3: Loading WASM module from: artifacts/food-tracker-fixed/1.0.1.wasm
[APP_SUBMISSION] 2025/08/28 17:49:40.956003 [tool_session_1756417780951655000] WASM module loaded successfully (164306 bytes)
[APP_SUBMISSION] 2025/08/28 17:49:40.956022 [tool_session_1756417780951655000] STEP 4: Compiling WASM module
[APP_SUBMISSION] 2025/08/28 17:49:40.999758 [tool_session_1756417780951655000] WASM module compiled successfully
[APP_SUBMISSION] 2025/08/28 17:49:40.999812 [tool_session_1756417780951655000] STEP 5: Setting up WASM linker and host functions
[APP_SUBMISSION] 2025/08/28 17:49:41.000411 [tool_session_1756417780951655000] STEP 6: Instantiating WASM module
[APP_SUBMISSION] 2025/08/28 17:49:41.000473 [tool_session_1756417780951655000] WASM module instantiated successfully
[APP_SUBMISSION] 2025/08/28 17:49:41.000483 [tool_session_1756417780951655000] STEP 7: Verifying required WASM functions
[APP_SUBMISSION] 2025/08/28 17:49:41.000495 [tool_session_1756417780951655000] All required WASM functions found
[APP_SUBMISSION] 2025/08/28 17:49:41.000500 [tool_session_1756417780951655000] STEP 8: Preparing input for WASM execution
[APP_SUBMISSION] 2025/08/28 17:49:41.000519 [tool_session_1756417780951655000] Input prepared - Tool: get_daily_log, InputLength: 53, Input: {"data":{"date":"2025-08-28"},"tool":"get_daily_log"}
[APP_SUBMISSION] 2025/08/28 17:49:41.000526 [tool_session_1756417780951655000] Allocating WASM memory for input (53 bytes)
[APP_SUBMISSION] 2025/08/28 17:49:41.000589 [tool_session_1756417780951655000] Input memory allocated at pointer: 1114120
[APP_SUBMISSION] 2025/08/28 17:49:41.000597 [tool_session_1756417780951655000] Copying input data to WASM memory
[APP_SUBMISSION] 2025/08/28 17:49:41.000605 [tool_session_1756417780951655000] STEP 9: Executing WASM 'run' function
[APP_SUBMISSION] 2025/08/28 17:49:41.002948 [tool_session_1756417780951655000] WASM execution completed successfully in 2.338375ms, result length: 1145
[APP_SUBMISSION] 2025/08/28 17:49:41.002969 [tool_session_1756417780951655000] STEP 10: Retrieving execution results
[APP_SUBMISSION] 2025/08/28 17:49:41.002994 [tool_session_1756417780951655000] Result pointer: 1118768
[APP_SUBMISSION] 2025/08/28 17:49:41.002999 [tool_session_1756417780951655000] Result retrieved (1145 bytes), result is: {"success":true,"data":{"daily_totals":{"calories":1400.0,"carbs":84.0,"fat":66.0,"fiber":6.0,"protein":36.0,"sodium":3600.0,"sugar":18.0},"date":"2025-08-28","entries":[{"calories":350,"carbs":28,"created_at":"2025-08-28T21:43:40Z","date":"2025-08-28","fat":22,"fiber":2,"food_name":"Hot dog with ketchup","id":1,"meal":"lunch","protein":12,"serving_size":"1 hot dog with bun and ketchup","sodium":1200,"sugar":6},{"calories":350,"carbs":28,"created_at":"2025-08-28T21:43:46Z","date":"2025-08-28","fat":22,"fiber":2,"food_name":"Hot dog with ketchup","id":2,"meal":"lunch","protein":12,"serving_size":"1 hot dog with bun and ketchup","sodium":1200,"sugar":6},{"calories":350,"carbs":0,"created_at":"2025-08-28T21:43:50Z","date":"2025-08-28","fat":0,"fiber":0,"food_name":"Hot dog with ketchup","id":3,"meal":"lunch","protein":0,"serving_size":"","sodium":0,"sugar":0},{"calories":350,"carbs":28,"created_at":"2025-08-28T21:44:32Z","date":"2025-08-28","fat":22,"fiber":2,"food_name":"Hot dog with ketchup","id":4,"meal":"lunch","protein":12,"serving_size":"1 hot dog with bun and ketchup","sodium":1200,"sugar":6}],"entry_count":4},"error":null}
[APP_SUBMISSION] 2025/08/28 17:49:41.003041 [tool_session_1756417780951655000] Cleaning up allocated input memory
[APP_SUBMISSION] 2025/08/28 17:49:41.003052 [tool_session_1756417780951655000] STEP 11: Sending success response
[APP_SUBMISSION] 2025/08/28 17:49:41.003065 [tool_session_1756417780951655000] Response prepared (1351 bytes)
[APP_SUBMISSION] 2025/08/28 17:49:41.003075 [tool_session_1756417780951655000] === TOOL EXECUTION COMPLETED SUCCESSFULLY ===
[APP_SUBMISSION] 2025/08/28 17:49:41.003080 [tool_session_1756417780951655000] Total execution time: 2.47025ms
[APP_SUBMISSION] 2025/08/28 17:50:07.314196 === NEW TOOL EXECUTION REQUEST [tool_session_1756417807314084000] ===
[APP_SUBMISSION] 2025/08/28 17:50:07.314797 [tool_session_1756417807314084000] Client IP: [::1]:55469
[APP_SUBMISSION] 2025/08/28 17:50:07.314865 [tool_session_1756417807314084000] Request Method: POST
[APP_SUBMISSION] 2025/08/28 17:50:07.314934 [tool_session_1756417807314084000] Request URL: /run_tool
[APP_SUBMISSION] 2025/08/28 17:50:07.314966 [tool_session_1756417807314084000] User-Agent: python-httpx/0.28.1
[APP_SUBMISSION] 2025/08/28 17:50:07.314991 [tool_session_1756417807314084000] Content-Type: application/json
[APP_SUBMISSION] 2025/08/28 17:50:07.315011 [tool_session_1756417807314084000] STEP 1: Parsing tool execution request
[APP_SUBMISSION] 2025/08/28 17:50:07.315234 [tool_session_1756417807314084000] Parsed request - AppID: food-tracker-fixed, ToolName: log_food, InputLength: 181
[APP_SUBMISSION] 2025/08/28 17:50:07.315318 [tool_session_1756417807314084000] STEP 2: Looking up app in registry
[APP_SUBMISSION] 2025/08/28 17:50:07.315352 [tool_session_1756417807314084000] App found - Version: 1.0.1, Runtime: wasm, ArtifactURI: artifacts/food-tracker-fixed/1.0.1.wasm
[APP_SUBMISSION] 2025/08/28 17:50:07.316864 [tool_session_1756417807314084000] Tool 'log_food' found with input format: {"food_name": "string", "meal": "string", "date": "string", "calories": "number", "protein": "number?", "carbs": "number?", "fat": "number?", "fiber": "number?", "sugar": "number?", "sodium": "number?", "serving_size": "string?"}
[APP_SUBMISSION] 2025/08/28 17:50:07.316964 [tool_session_1756417807314084000] STEP 3: Loading WASM module from: artifacts/food-tracker-fixed/1.0.1.wasm
[APP_SUBMISSION] 2025/08/28 17:50:07.317900 [tool_session_1756417807314084000] WASM module loaded successfully (164306 bytes)
[APP_SUBMISSION] 2025/08/28 17:50:07.317926 [tool_session_1756417807314084000] STEP 4: Compiling WASM module
[APP_SUBMISSION] 2025/08/28 17:50:07.364217 [tool_session_1756417807314084000] WASM module compiled successfully
[APP_SUBMISSION] 2025/08/28 17:50:07.364362 [tool_session_1756417807314084000] STEP 5: Setting up WASM linker and host functions
[APP_SUBMISSION] 2025/08/28 17:50:07.365042 [tool_session_1756417807314084000] STEP 6: Instantiating WASM module
[APP_SUBMISSION] 2025/08/28 17:50:07.365105 [tool_session_1756417807314084000] WASM module instantiated successfully
[APP_SUBMISSION] 2025/08/28 17:50:07.365115 [tool_session_1756417807314084000] STEP 7: Verifying required WASM functions
[APP_SUBMISSION] 2025/08/28 17:50:07.365130 [tool_session_1756417807314084000] All required WASM functions found
[APP_SUBMISSION] 2025/08/28 17:50:07.365136 [tool_session_1756417807314084000] STEP 8: Preparing input for WASM execution
[APP_SUBMISSION] 2025/08/28 17:50:07.365186 [tool_session_1756417807314084000] Input prepared - Tool: log_food, InputLength: 208, Input: {"data":{"food_name":"Hamburger","meal":"dinner","date":"2025-08-28","calories":540,"protein":25,"carbs":40,"fat":31,"fiber":3,"sugar":5,"sodium":1040,"serving_size":"1 hamburger with bun"},"tool":"log_food"}
[APP_SUBMISSION] 2025/08/28 17:50:07.365195 [tool_session_1756417807314084000] Allocating WASM memory for input (208 bytes)
[APP_SUBMISSION] 2025/08/28 17:50:07.365223 [tool_session_1756417807314084000] Input memory allocated at pointer: 1114120
[APP_SUBMISSION] 2025/08/28 17:50:07.365230 [tool_session_1756417807314084000] Copying input data to WASM memory
[APP_SUBMISSION] 2025/08/28 17:50:07.365240 [tool_session_1756417807314084000] STEP 9: Executing WASM 'run' function
[APP_SUBMISSION] 2025/08/28 17:50:07.366297 [tool_session_1756417807314084000] WASM execution completed successfully in 1.050708ms, result length: 183
[APP_SUBMISSION] 2025/08/28 17:50:07.366314 [tool_session_1756417807314084000] STEP 10: Retrieving execution results
[APP_SUBMISSION] 2025/08/28 17:50:07.366323 [tool_session_1756417807314084000] Result pointer: 1114336
[APP_SUBMISSION] 2025/08/28 17:50:07.366329 [tool_session_1756417807314084000] Result retrieved (183 bytes), result is: {"success":true,"data":{"calories":540.0,"date":"2025-08-28","food_name":"Hamburger","meal":"dinner","message":"Successfully logged Hamburger for dinner","success":true},"error":null}
[APP_SUBMISSION] 2025/08/28 17:50:07.366335 [tool_session_1756417807314084000] Cleaning up allocated input memory
[APP_SUBMISSION] 2025/08/28 17:50:07.366342 [tool_session_1756417807314084000] STEP 11: Sending success response
[APP_SUBMISSION] 2025/08/28 17:50:07.366353 [tool_session_1756417807314084000] Response prepared (241 bytes)
[APP_SUBMISSION] 2025/08/28 17:50:07.366365 [tool_session_1756417807314084000] === TOOL EXECUTION COMPLETED SUCCESSFULLY ===
[APP_SUBMISSION] 2025/08/28 17:50:07.366370 [tool_session_1756417807314084000] Total execution time: 1.124333ms
